Component: ARM Compiler 5.05 update 2 (build 169) Tool: armlink [4d0f33]

==============================================================================

Section Cross References

    startup_stm32f10x_md.o(RESET) refers to startup_stm32f10x_md.o(STACK) for __initial_sp
    startup_stm32f10x_md.o(RESET) refers to startup_stm32f10x_md.o(.text) for Reset_Handler
    startup_stm32f10x_md.o(RESET) refers to stm32f10x_it.o(i.NMI_Handler) for NMI_Handler
    startup_stm32f10x_md.o(RESET) refers to stm32f10x_it.o(i.HardFault_Handler) for HardFault_Handler
    startup_stm32f10x_md.o(RESET) refers to stm32f10x_it.o(i.MemManage_Handler) for MemManage_Handler
    startup_stm32f10x_md.o(RESET) refers to stm32f10x_it.o(i.BusFault_Handler) for BusFault_Handler
    startup_stm32f10x_md.o(RESET) refers to stm32f10x_it.o(i.UsageFault_Handler) for UsageFault_Handler
    startup_stm32f10x_md.o(RESET) refers to stm32f10x_it.o(i.SVC_Handler) for SVC_Handler
    startup_stm32f10x_md.o(RESET) refers to stm32f10x_it.o(i.DebugMon_Handler) for DebugMon_Handler
    startup_stm32f10x_md.o(RESET) refers to stm32f10x_it.o(i.PendSV_Handler) for PendSV_Handler
    startup_stm32f10x_md.o(RESET) refers to systick.o(i.SysTick_Handler) for SysTick_Handler
    startup_stm32f10x_md.o(RESET) refers to stm32f10x_it.o(i.USB_LP_CAN1_RX0_IRQHandler) for USB_LP_CAN1_RX0_IRQHandler
    startup_stm32f10x_md.o(RESET) refers to stm32f10x_it.o(i.USART1_IRQHandler) for USART1_IRQHandler
    startup_stm32f10x_md.o(.text) refers to system_stm32f10x.o(i.SystemInit) for SystemInit
    startup_stm32f10x_md.o(.text) refers to entry.o(.ARM.Collect$$$$00000000) for __main
    system_stm32f10x.o(i.SetSysClock) refers to system_stm32f10x.o(i.SetSysClockTo72) for SetSysClockTo72
    system_stm32f10x.o(i.SystemCoreClockUpdate) refers to system_stm32f10x.o(.data) for SystemCoreClock
    system_stm32f10x.o(i.SystemInit) refers to system_stm32f10x.o(i.SetSysClock) for SetSysClock
    stm32f10x_adc.o(i.ADC_DeInit) refers to stm32f10x_rcc.o(i.RCC_APB2PeriphResetCmd) for RCC_APB2PeriphResetCmd
    stm32f10x_bkp.o(i.BKP_DeInit) refers to stm32f10x_rcc.o(i.RCC_BackupResetCmd) for RCC_BackupResetCmd
    stm32f10x_can.o(i.CAN_DeInit) refers to stm32f10x_rcc.o(i.RCC_APB1PeriphResetCmd) for RCC_APB1PeriphResetCmd
    stm32f10x_can.o(i.CAN_GetITStatus) refers to stm32f10x_can.o(i.CheckITStatus) for CheckITStatus
    stm32f10x_dac.o(i.DAC_DeInit) refers to stm32f10x_rcc.o(i.RCC_APB1PeriphResetCmd) for RCC_APB1PeriphResetCmd
    stm32f10x_flash.o(i.FLASH_EnableWriteProtection) refers to stm32f10x_flash.o(i.FLASH_WaitForLastOperation) for FLASH_WaitForLastOperation
    stm32f10x_flash.o(i.FLASH_EraseAllBank1Pages) refers to stm32f10x_flash.o(i.FLASH_WaitForLastBank1Operation) for FLASH_WaitForLastBank1Operation
    stm32f10x_flash.o(i.FLASH_EraseAllPages) refers to stm32f10x_flash.o(i.FLASH_WaitForLastOperation) for FLASH_WaitForLastOperation
    stm32f10x_flash.o(i.FLASH_EraseOptionBytes) refers to stm32f10x_flash.o(i.FLASH_GetReadOutProtectionStatus) for FLASH_GetReadOutProtectionStatus
    stm32f10x_flash.o(i.FLASH_EraseOptionBytes) refers to stm32f10x_flash.o(i.FLASH_WaitForLastOperation) for FLASH_WaitForLastOperation
    stm32f10x_flash.o(i.FLASH_ErasePage) refers to stm32f10x_flash.o(i.FLASH_WaitForLastOperation) for FLASH_WaitForLastOperation
    stm32f10x_flash.o(i.FLASH_ProgramHalfWord) refers to stm32f10x_flash.o(i.FLASH_WaitForLastOperation) for FLASH_WaitForLastOperation
    stm32f10x_flash.o(i.FLASH_ProgramOptionByteData) refers to stm32f10x_flash.o(i.FLASH_WaitForLastOperation) for FLASH_WaitForLastOperation
    stm32f10x_flash.o(i.FLASH_ProgramWord) refers to stm32f10x_flash.o(i.FLASH_WaitForLastOperation) for FLASH_WaitForLastOperation
    stm32f10x_flash.o(i.FLASH_ReadOutProtection) refers to stm32f10x_flash.o(i.FLASH_WaitForLastOperation) for FLASH_WaitForLastOperation
    stm32f10x_flash.o(i.FLASH_UserOptionByteConfig) refers to stm32f10x_flash.o(i.FLASH_WaitForLastOperation) for FLASH_WaitForLastOperation
    stm32f10x_flash.o(i.FLASH_WaitForLastBank1Operation) refers to stm32f10x_flash.o(i.FLASH_GetBank1Status) for FLASH_GetBank1Status
    stm32f10x_flash.o(i.FLASH_WaitForLastOperation) refers to stm32f10x_flash.o(i.FLASH_GetBank1Status) for FLASH_GetBank1Status
    stm32f10x_gpio.o(i.GPIO_AFIODeInit) refers to stm32f10x_rcc.o(i.RCC_APB2PeriphResetCmd) for RCC_APB2PeriphResetCmd
    stm32f10x_gpio.o(i.GPIO_DeInit) refers to stm32f10x_rcc.o(i.RCC_APB2PeriphResetCmd) for RCC_APB2PeriphResetCmd
    stm32f10x_i2c.o(i.I2C_DeInit) refers to stm32f10x_rcc.o(i.RCC_APB1PeriphResetCmd) for RCC_APB1PeriphResetCmd
    stm32f10x_i2c.o(i.I2C_Init) refers to stm32f10x_rcc.o(i.RCC_GetClocksFreq) for RCC_GetClocksFreq
    stm32f10x_pwr.o(i.PWR_DeInit) refers to stm32f10x_rcc.o(i.RCC_APB1PeriphResetCmd) for RCC_APB1PeriphResetCmd
    stm32f10x_rcc.o(i.RCC_GetClocksFreq) refers to stm32f10x_rcc.o(.data) for APBAHBPrescTable
[...]
    Removing stm32f10x_usart.o(i.USART_StructInit), (24 bytes).
    Removing stm32f10x_usart.o(i.USART_WakeUpConfig), (18 bytes).
    Removing stm32f10x_wwdg.o(i.WWDG_ClearFlag), (12 bytes).
    Removing stm32f10x_wwdg.o(i.WWDG_DeInit), (22 bytes).
    Removing stm32f10x_wwdg.o(i.WWDG_Enable), (16 bytes).
    Removing stm32f10x_wwdg.o(i.WWDG_EnableIT), (12 bytes).
    Removing stm32f10x_wwdg.o(i.WWDG_GetFlagStatus), (12 bytes).
    Removing stm32f10x_wwdg.o(i.WWDG_SetCounter), (16 bytes).
    Removing stm32f10x_wwdg.o(i.WWDG_SetPrescaler), (24 bytes).
    Removing stm32f10x_wwdg.o(i.WWDG_SetWindowValue), (40 bytes).
    Removing usb_int.o(i.CTR_HP), (200 bytes).
    Removing usb_regs.o(i.ClearEPDoubleBuff), (32 bytes).
    Removing usb_regs.o(i.ClearEP_CTR_RX), (36 bytes).
    Removing usb_regs.o(i.ClearEP_CTR_TX), (32 bytes).
    Removing usb_regs.o(i.ClearEP_KIND), (32 bytes).
    Removing usb_regs.o(i.FreeUserBuffer), (80 bytes).
    Removing usb_regs.o(i.GetBTABLE), (12 bytes).
    Removing usb_regs.o(i.GetCNTR), (12 bytes).
    Removing usb_regs.o(i.GetDADDR), (12 bytes).
    Removing usb_regs.o(i.GetENDPOINT), (20 bytes).
    Removing usb_regs.o(i.GetEPAddress), (24 bytes).
    Removing usb_regs.o(i.GetEPDblBuf0Addr), (32 bytes).
    Removing usb_regs.o(i.GetEPDblBuf0Count), (36 bytes).
    Removing usb_regs.o(i.GetEPDblBuf1Addr), (32 bytes).
    Removing usb_regs.o(i.GetEPDblBuf1Count), (36 bytes).
    Removing usb_regs.o(i.GetEPDblBufDir), (72 bytes).
    Removing usb_regs.o(i.GetEPRxStatus), (24 bytes).
    Removing usb_regs.o(i.GetEPTxCount), (36 bytes).
    Removing usb_regs.o(i.GetEPType), (24 bytes).
    Removing usb_regs.o(i.GetFNR), (12 bytes).
    Removing usb_regs.o(i.GetISTR), (12 bytes).
    Removing usb_regs.o(i.GetRxStallStatus), (36 bytes).
    Removing usb_regs.o(i.GetTxStallStatus), (32 bytes).
    Removing usb_regs.o(i.SetCNTR), (12 bytes).
    Removing usb_regs.o(i.SetDADDR), (12 bytes).
    Removing usb_regs.o(i.SetDouBleBuffEPStall), (60 bytes).
    Removing usb_regs.o(i.SetENDPOINT), (16 bytes).
    Removing usb_regs.o(i.SetEPAddress), (36 bytes).
    Removing usb_regs.o(i.SetEPCountRxReg), (48 bytes).
    Removing usb_regs.o(i.SetEPDblBuf0Addr), (32 bytes).
    Removing usb_regs.o(i.SetEPDblBuf0Count), (104 bytes).
    Removing usb_regs.o(i.SetEPDblBuf1Addr), (36 bytes).
    Removing usb_regs.o(i.SetEPDblBuf1Count), (104 bytes).
    Removing usb_regs.o(i.SetEPDblBuffAddr), (52 bytes).
    Removing usb_regs.o(i.SetEPDblBuffCount), (196 bytes).
    Removing usb_regs.o(i.SetEPDoubleBuff), (36 bytes).
    Removing usb_regs.o(i.SetEP_KIND), (36 bytes).
    Removing usb_regs.o(i.SetISTR), (12 bytes).
    Removing usb_regs.o(i.Set_Status_Out), (36 bytes).
    Removing usb_regs.o(i.ToWord), (8 bytes).
    Removing usb_regs.o(i.ToggleDTOG_RX), (36 bytes).
    Removing usb_regs.o(i.ToggleDTOG_TX), (36 bytes).
    Removing hw_config.o(i.Enter_LowPowerMode), (12 bytes).
    Removing hw_config.o(i.Leave_LowPowerMode), (32 bytes).
    Removing hw_config.o(i.Set_System), (108 bytes).
    Removing hw_config.o(i.USB_To_USART_Send_Data), (44 bytes).
    Removing usb_pwr.o(i.PowerOff), (32 bytes).
    Removing usb_pwr.o(i.Resume), (176 bytes).
    Removing usb_pwr.o(i.Resume_Init), (36 bytes).
    Removing usb_pwr.o(i.Suspend), (40 bytes).
    Removing leds.o(i.DisableJtag_enableSWD), (24 bytes).
    Removing leds.o(i.led_rev), (76 bytes).
    Removing ad7190.o(i.AD7190_Calibrate), (70 bytes).
    Removing ad7190.o(i.AD7190_ContinuousReadAvg), (76 bytes).
    Removing ad7190.o(i.AD7190_SetPower), (62 bytes).
    Removing ad7190.o(i.AD7190_SingleConversion), (52 bytes).
    Removing ad7190.o(i.AD7190_TemperatureRead), (50 bytes).
    Removing communication.o(i.I2C_Init_ADI), (6 bytes).
    Removing communication.o(i.I2C_Read), (8 bytes).
    Removing communication.o(i.I2C_Write), (8 bytes).
    Removing communication.o(i.SPI_Init_ADI), (8 bytes).
    Removing time.o(i.TIME_DelayUs), (2 bytes).
    Removing time.o(i.TIME_Init), (4 bytes).
    Removing time.o(i.TIME_StartMeasure), (2 bytes).
    Removing time.o(i.TIME_StopMeasure), (4 bytes).
    Removing dadd.o(.text), (334 bytes).
    Removing dmul.o(.text), (228 bytes).
    Removing ddiv.o(.text), (222 bytes).
    Removing dfixul.o(.text), (48 bytes).
    Removing cdrcmple.o(.text), (48 bytes).
    Removing depilogue.o(.text), (186 bytes).

511 unused section(s) (total 22580 bytes) removed from the image.

==============================================================================

Image Symbol Table

    Local Symbols

    Symbol Name                              Value     Ov Type        Size  Object(Section)

    ../clib/../cmprslib/zerorunl2.c          0x00000000   Number         0  __dczerorl2.o ABSOLUTE
    ../clib/microlib/division.c              0x00000000   Number         0  uidiv.o ABSOLUTE
    ../clib/microlib/division.c              0x00000000   Number         0  uldiv.o ABSOLUTE
    ../clib/microlib/init/entry.s            0x00000000   Number         0  entry.o ABSOLUTE
    ../clib/microlib/init/entry.s            0x00000000   Number         0  entry10b.o ABSOLUTE
    ../clib/microlib/init/entry.s            0x00000000   Number         0  entry7b.o ABSOLUTE
    ../clib/microlib/init/entry.s            0x00000000   Number         0  entry11b.o ABSOLUTE
    ../clib/microlib/init/entry.s            0x00000000   Number         0  entry5.o ABSOLUTE
    ../clib/microlib/init/entry.s            0x00000000   Number         0  entry11a.o ABSOLUTE
    ../clib/microlib/init/entry.s            0x00000000   Number         0  entry7a.o ABSOLUTE
    ../clib/microlib/init/entry.s            0x00000000   Number         0  entry8a.o ABSOLUTE
    ../clib/microlib/init/entry.s            0x00000000   Number         0  entry8b.o ABSOLUTE
    ../clib/microlib/init/entry.s            0x00000000   Number         0  entry9a.o ABSOLUTE
    ../clib/microlib/init/entry.s            0x00000000   Number         0  entry2.o ABSOLUTE
    ../clib/microlib/init/entry.s            0x00000000   Number         0  entry9b.o ABSOLUTE
    ../clib/microlib/init/entry.s            0x00000000   Number         0  entry10a.o ABSOLUTE
    ../clib/microlib/longlong.c              0x00000000   Number         0  llshl.o ABSOLUTE
    ../clib/microlib/longlong.c              0x00000000   Number         0  llsshr.o ABSOLUTE
    ../clib/microlib/longlong.c              0x00000000   Number         0  llushr.o ABSOLUTE
    ../clib/microlib/printf/printf.c         0x00000000   Number         0  printfb.o ABSOLUTE
    ../clib/microlib/printf/printf.c         0x00000000   Number         0  printf1.o ABSOLUTE
    ../clib/microlib/printf/printf.c         0x00000000   Number         0  printf2.o ABSOLUTE
    ../clib/microlib/printf/printf.c         0x00000000   Number         0  printf3.o ABSOLUTE
    ../clib/microlib/printf/printf.c         0x00000000   Number         0  printf4.o ABSOLUTE
    ../clib/microlib/printf/printf.c         0x00000000   Number         0  printf5.o ABSOLUTE
    ../clib/microlib/printf/printf.c         0x00000000   Number         0  printf6.o ABSOLUTE
    ../clib/microlib/printf/printf.c         0x00000000   Number         0  printf7.o ABSOLUTE
    ../clib/microlib/printf/printf.c         0x00000000   Number         0  printf8.o ABSOLUTE
    ../clib/microlib/printf/printf.c         0x00000000   Number         0  printfa.o ABSOLUTE
    ../clib/microlib/printf/printf.c         0x00000000   Number         0  printf0.o ABSOLUTE
    ../clib/microlib/printf/stubs.s          0x00000000   Number         0  stubs.o ABSOLUTE
    ../clib/microlib/stdio/streams.c         0x00000000   Number         0  stdout.o ABSOLUTE
    ../clib/microlib/stubs.s                 0x00000000   Number         0  iusefp.o ABSOLUTE
    ../fplib/microlib/fpadd.c                0x00000000   Number         0  dadd.o ABSOLUTE
    ../fplib/microlib/fpdiv.c                0x00000000   Number         0  ddiv.o ABSOLUTE
    ../fplib/microlib/fpepilogue.c           0x00000000   Number         0  depilogue.o ABSOLUTE
    ../fplib/microlib/fpfix.c                0x00000000   Number         0  dfixul.o ABSOLUTE
    ../fplib/microlib/fpmul.c                0x00000000   Number         0  dmul.o ABSOLUTE
    ..\Libraries\CMSIS\core_cm3.c            0x00000000   Number         0  core_cm3.o ABSOLUTE
    ..\Libraries\CMSIS\startup\startup_stm32f10x_md.s 0x00000000   Number         0  startup_stm32f10x_md.o ABSOLUTE
    ..\Libraries\CMSIS\system_stm32f10x.c    0x00000000   Number         0  system_stm32f10x.o ABSOLUTE
    ..\Libraries\STM32F10x_StdPeriph_Driver\src\misc.c 0x00000000   Number         0  misc.o ABSOLUTE
    ..\Libraries\STM32F10x_StdPeriph_Driver\src\stm32f10x_adc.c 0x00000000   Number         0  stm32f10x_adc.o ABSOLUTE
    ..\Libraries\STM32F10x_StdPeriph_Driver\src\stm32f10x_bkp.c 0x00000000   Number         0  stm32f10x_bkp.o ABSOLUTE
    ..\Libraries\STM32F10x_StdPeriph_Driver\src\stm32f10x_can.c 0x00000000   Number         0  stm32f10x_can.o ABSOLUTE
    ..\Libraries\STM32F10x_StdPeriph_Driver\src\stm32f10x_crc.c 0x00000000   Number         0  stm32f10x_crc.o ABSOLUTE
    ..\Libraries\STM32F10x_StdPeriph_Driver\src\stm32f10x_dac.c 0x00000000   Number         0  stm32f10x_dac.o ABSOLUTE
    ..\Libraries\STM32F10x_StdPeriph_Driver\src\stm32f10x_dbgmcu.c 0x00000000   Number         0  stm32f10x_dbgmcu.o ABSOLUTE
    ..\Libraries\STM32F10x_StdPeriph_Driver\src\stm32f10x_dma.c 0x00000000   Number         0  stm32f10x_dma.o ABSOLUTE
    ..\Libraries\STM32F10x_StdPeriph_Driver\src\stm32f10x_exti.c 0x00000000   Number         0  stm32f10x_exti.o ABSOLUTE
    ..\Libraries\STM32F10x_StdPeriph_Driver\src\stm32f10x_flash.c 0x00000000   Number         0  stm32f10x_flash.o ABSOLUTE
    ..\Libraries\STM32F10x_StdPeriph_Driver\src\stm32f10x_fsmc.c 0x00000000   Number         0  stm32f10x_fsmc.o ABSOLUTE
    ..\Libraries\STM32F10x_StdPeriph_Driver\src\stm32f10x_gpio.c 0x00000000   Number         0  stm32f10x_gpio.o ABSOLUTE
    ..\Libraries\STM32F10x_StdPeriph_Driver\src\stm32f10x_i2c.c 0x00000000   Number         0  stm32f10x_i2c.o ABSOLUTE
    ..\Libraries\STM32F10x_StdPeriph_Driver\src\stm32f10x_iwdg.c 0x00000000   Number         0  stm32f10x_iwdg.o ABSOLUTE
    ..\Libraries\STM32F10x_StdPeriph_Driver\src\stm32f10x_pwr.c 0x00000000   Number         0  stm32f10x_pwr.o ABSOLUTE
    ..\Libraries\STM32F10x_StdPeriph_Driver\src\stm32f10x_rcc.c 0x00000000   Number         0  stm32f10x_rcc.o ABSOLUTE
    ..\Libraries\STM32F10x_StdPeriph_Driver\src\stm32f10x_rtc.c 0x00000000   Number         0  stm32f10x_rtc.o ABSOLUTE
    ..\Libraries\STM32F10x_StdPeriph_Driver\src\stm32f10x_sdio.c 0x00000000   Number         0  stm32f10x_sdio.o ABSOLUTE
    ..\Libraries\STM32F10x_StdPeriph_Driver\src\stm32f10x_spi.c 0x00000000   Number         0  stm32f10x_spi.o ABSOLUTE
    ..\Libraries\STM32F10x_StdPeriph_Driver\src\stm32f10x_tim.c 0x00000000   Number         0  stm32f10x_tim.o ABSOLUTE
    ..\Libraries\STM32F10x_StdPeriph_Driver\src\stm32f10x_usart.c 0x00000000   Number         0  stm32f10x_usart.o ABSOLUTE
    ..\Libraries\STM32F10x_StdPeriph_Driver\src\stm32f10x_wwdg.c 0x00000000   Number         0  stm32f10x_wwdg.o ABSOLUTE
    ..\Libraries\STM32_USB-FS-Device_Driver\src\usb_core.c 0x00000000   Number         0  usb_core.o ABSOLUTE
    ..\Libraries\STM32_USB-FS-Device_Driver\src\usb_init.c 0x00000000   Number         0  usb_init.o ABSOLUTE
    ..\Libraries\STM32_USB-FS-Device_Driver\src\usb_int.c 0x00000000   Number         0  usb_int.o ABSOLUTE
    ..\Libraries\STM32_USB-FS-Device_Driver\src\usb_mem.c 0x00000000   Number         0  usb_mem.o ABSOLUTE
    ..\Libraries\STM32_USB-FS-Device_Driver\src\usb_regs.c 0x00000000   Number         0  usb_regs.o ABSOLUTE
    ..\\Libraries\\CMSIS\\core_cm3.c         0x00000000   Number         0  core_cm3.o ABSOLUTE
    ..\src\app\api\interface_api.c           0x00000000   Number         0  interface_api.o ABSOLUTE
    ..\src\app\channel.c                     0x00000000   Number         0  channel.o ABSOLUTE
    ..\src\app\gain.c                        0x00000000   Number         0  gain.o ABSOLUTE
    ..\src\app\main.c                        0x00000000   Number         0  main.o ABSOLUTE
    ..\src\hal\data_interface_hal.c          0x00000000   Number         0  data_interface_hal.o ABSOLUTE
    ..\src\hardware\VirtualCOMPort\hw_config.c 0x00000000   Number         0  hw_config.o ABSOLUTE
    ..\src\hardware\VirtualCOMPort\usb_desc.c 0x00000000   Number         0  usb_desc.o ABSOLUTE
    ..\src\hardware\VirtualCOMPort\usb_endp.c 0x00000000   Number         0  usb_endp.o ABSOLUTE
    ..\src\hardware\VirtualCOMPort\usb_istr.c 0x00000000   Number         0  usb_istr.o ABSOLUTE
    ..\src\hardware\VirtualCOMPort\usb_prop.c 0x00000000   Number         0  usb_prop.o ABSOLUTE
    ..\src\hardware\VirtualCOMPort\usb_pwr.c 0x00000000   Number         0  usb_pwr.o ABSOLUTE
    ..\src\hardware\ad7190_generic\AD7190.c  0x00000000   Number         0  ad7190.o ABSOLUTE
    ..\src\hardware\ad7190_generic\Communication.c 0x00000000   Number         0  communication.o ABSOLUTE
    ..\src\hardware\ad7190_generic\TIME.c    0x00000000   Number         0  time.o ABSOLUTE
    ..\src\hardware\leds.c                   0x00000000   Number         0  leds.o ABSOLUTE
    ..\src\hardware\stm32_spi.c              0x00000000   Number         0  stm32_spi.o ABSOLUTE
    ..\src\hardware\stm32f10x_it.c           0x00000000   Number         0  stm32f10x_it.o ABSOLUTE
    ..\src\hardware\systick.c                0x00000000   Number         0  systick.o ABSOLUTE
    cdrcmple.s                               0x00000000   Number         0  cdrcmple.o ABSOLUTE
    dc.s                                     0x00000000   Number         0  dc.o ABSOLUTE
    handlers.s                               0x00000000   Number         0  handlers.o ABSOLUTE
    init.s                                   0x00000000   Number         0  init.o ABSOLUTE
    RESET                                    0x08000000   Section      236  startup_stm32f10x_md.o(RESET)
    .ARM.Collect$$$$00000000                 0x080000ec   Section        0  entry.o(.ARM.Collect$$$$00000000)
    .ARM.Collect$$$$00000001                 0x080000ec   Section        4  entry2.o(.ARM.Collect$$$$00000001)
    .ARM.Collect$$$$00000004                 0x080000f0   Section        4  entry5.o(.ARM.Collect$$$$00000004)
    .ARM.Collect$$$$00000008                 0x080000f4   Section        0  entry7b.o(.ARM.Collect$$$$00000008)
    .ARM.Collect$$$$0000000A                 0x080000f4   Section        0  entry8b.o(.ARM.Collect$$$$0000000A)
    .ARM.Collect$$$$0000000B                 0x080000f4   Section        8  entry9a.o(.ARM.Collect$$$$0000000B)
    .ARM.Collect$$$$0000000D                 0x080000fc   Section        0  entry10a.o(.ARM.Collect$$$$0000000D)
    .ARM.Collect$$$$0000000F                 0x080000fc   Section        0  entry11a.o(.ARM.Collect$$$$0000000F)
    .ARM.Collect$$$$00002712                 0x080000fc   Section        4  entry2.o(.ARM.Collect$$$$00002712)
    __lit__00000000                          0x080000fc   Data           4  entry2.o(.ARM.Collect$$$$00002712)
    .text                                    0x08000100   Section       36  startup_stm32f10x_md.o(.text)
    .text                                    0x08000124   Section        0  uldiv.o(.text)
    .text                                    0x08000188   Section       36  init.o(.text)
    .text                                    0x080001ac   Section        0  llshl.o(.text)
    .text                                    0x080001ca   Section        0  llushr.o(.text)
    .text                                    0x080001ea   Section        0  __dczerorl2.o(.text)
    i.AD7190_ChannelSelect                   0x08000240   Section        0  ad7190.o(i.AD7190_ChannelSelect)
    i.AD7190_ContinuousConvRead              0x08000270   Section        0  ad7190.o(i.AD7190_ContinuousConvRead)
    i.AD7190_ContinuousConvStart             0x080002d4   Section        0  ad7190.o(i.AD7190_ContinuousConvStart)
    i.AD7190_GetRegisterValue                0x08000318   Section        0  ad7190.o(i.AD7190_GetRegisterValue)
    i.AD7190_Init                            0x08000364   Section        0  ad7190.o(i.AD7190_Init)
    i.AD7190_RangeSetup                      0x080003a4   Section        0  ad7190.o(i.AD7190_RangeSetup)
    i.AD7190_Reset                           0x080003e4   Section        0  ad7190.o(i.AD7190_Reset)
    i.AD7190_SetRegisterValue                0x08000412   Section        0  ad7190.o(i.AD7190_SetRegisterValue)
    i.AD7190_WaitRdyGoLow                    0x08000460   Section        0  ad7190.o(i.AD7190_WaitRdyGoLow)
    i.BusFault_Handler                       0x0800047c   Section        0  stm32f10x_it.o(i.BusFault_Handler)
    i.ByteSwap                               0x08000480   Section        0  usb_regs.o(i.ByteSwap)
    i.CTR_LP                                 0x0800048c   Section        0  usb_int.o(i.CTR_LP)
    i.ClearDTOG_RX                           0x080007b4   Section        0  usb_regs.o(i.ClearDTOG_RX)
    i.ClearDTOG_TX                           0x080007e8   Section        0  usb_regs.o(i.ClearDTOG_TX)
    i.Clear_Status_Out                       0x0800081c   Section        0  usb_regs.o(i.Clear_Status_Out)
    i.DataStageIn                            0x0800083c   Section        0  usb_core.o(i.DataStageIn)
    DataStageIn                              0x0800083d   Thumb Code   166  usb_core.o(i.DataStageIn)
    i.DataStageOut                           0x080008fc   Section        0  usb_core.o(i.DataStageOut)
    DataStageOut                             0x080008fd   Thumb Code   166  usb_core.o(i.DataStageOut)
    i.Data_Setup0                            0x080009b8   Section        0  usb_core.o(i.Data_Setup0)
    Data_Setup0                              0x080009b9   Thumb Code   628  usb_core.o(i.Data_Setup0)
    i.DebugMon_Handler                       0x08000c50   Section        0  stm32f10x_it.o(i.DebugMon_Handler)
    i.EP1_IN_Callback                        0x08000c52   Section        0  usb_endp.o(i.EP1_IN_Callback)
    i.EP3_OUT_Callback                       0x08000c54   Section        0  usb_endp.o(i.EP3_OUT_Callback)
    i.EP4_IN_Callback                        0x08000c80   Section        0  usb_endp.o(i.EP4_IN_Callback)
    i.EP6_OUT_Callback                       0x08000c82   Section        0  usb_endp.o(i.EP6_OUT_Callback)
    i.GPIO_Init                              0x08000c8c   Section        0  stm32f10x_gpio.o(i.GPIO_Init)
    i.GPIO_ReadInputDataBit                  0x08000da2   Section        0  stm32f10x_gpio.o(i.GPIO_ReadInputDataBit)
    i.GPIO_ResetBits                         0x08000db4   Section        0  stm32f10x_gpio.o(i.GPIO_ResetBits)
    i.GPIO_SetBits                           0x08000db8   Section        0  stm32f10x_gpio.o(i.GPIO_SetBits)
    i.GetEPRxAddr                            0x08000dbc   Section        0  usb_regs.o(i.GetEPRxAddr)
    i.GetEPRxCount                           0x08000ddc   Section        0  usb_regs.o(i.GetEPRxCount)
    i.GetEPTxAddr                            0x08000e00   Section        0  usb_regs.o(i.GetEPTxAddr)
    i.GetEPTxStatus                          0x08000e20   Section        0  usb_regs.o(i.GetEPTxStatus)
    i.Get_SerialNum                          0x08000e38   Section        0  hw_config.o(i.Get_SerialNum)
    i.HardFault_Handler                      0x08000e80   Section        0  stm32f10x_it.o(i.HardFault_Handler)
    i.In0_Process                            0x08000e84   Section        0  usb_core.o(i.In0_Process)
    i.LED_GPIO_Configuration                 0x08000ef4   Section        0  leds.o(i.LED_GPIO_Configuration)
    LED_GPIO_Configuration                   0x08000ef5   Thumb Code   102  leds.o(i.LED_GPIO_Configuration)
    i.MemManage_Handler                      0x08000f60   Section        0  stm32f10x_it.o(i.MemManage_Handler)
    i.NMI_Handler                            0x08000f64   Section        0  stm32f10x_it.o(i.NMI_Handler)
    i.NOP_Process                            0x08000f66   Section        0  usb_core.o(i.NOP_Process)
    i.NVIC_Init                              0x08000f68   Section        0  misc.o(i.NVIC_Init)
    i.NVIC_PriorityGroupConfig               0x08000fd8   Section        0  misc.o(i.NVIC_PriorityGroupConfig)
    i.NoData_Setup0                          0x08000fec   Section        0  usb_core.o(i.NoData_Setup0)
    NoData_Setup0                            0x08000fed   Thumb Code   302  usb_core.o(i.NoData_Setup0)
    i.Out0_Process                           0x08001130   Section        0  usb_core.o(i.Out0_Process)
    i.PMAToUserBufferCopy                    0x08001180   Section        0  usb_mem.o(i.PMAToUserBufferCopy)
    i.PendSV_Handler                         0x080011a8   Section        0  stm32f10x_it.o(i.PendSV_Handler)
    i.Post0_Process                          0x080011ac   Section        0  usb_core.o(i.Post0_Process)
    i.PowerOn                                0x080011f4   Section        0  usb_pwr.o(i.PowerOn)
    i.RCC_APB1PeriphClockCmd                 0x08001234   Section        0  stm32f10x_rcc.o(i.RCC_APB1PeriphClockCmd)
    i.RCC_APB2PeriphClockCmd                 0x08001254   Section        0  stm32f10x_rcc.o(i.RCC_APB2PeriphClockCmd)
    i.RCC_GetClocksFreq                      0x08001274   Section        0  stm32f10x_rcc.o(i.RCC_GetClocksFreq)
    i.RCC_USBCLKConfig                       0x08001348   Section        0  stm32f10x_rcc.o(i.RCC_USBCLKConfig)
    i.SOF_Callback                           0x08001354   Section        0  usb_endp.o(i.SOF_Callback)
    i.SPI_Cmd                                0x08001360   Section        0  stm32f10x_spi.o(i.SPI_Cmd)
    i.SPI_I2S_GetFlagStatus                  0x08001378   Section        0  stm32f10x_spi.o(i.SPI_I2S_GetFlagStatus)
    i.SPI_I2S_ReceiveData                    0x0800138a   Section        0  stm32f10x_spi.o(i.SPI_I2S_ReceiveData)
    i.SPI_I2S_SendData                       0x08001390   Section        0  stm32f10x_spi.o(i.SPI_I2S_SendData)
    i.SPI_Init                               0x08001394   Section        0  stm32f10x_spi.o(i.SPI_Init)
    i.SPI_Read                               0x080013d0   Section        0  communication.o(i.SPI_Read)
    i.SPI_SSOutputCmd                        0x0800140c   Section        0  stm32f10x_spi.o(i.SPI_SSOutputCmd)
    i.SPI_Write                              0x08001424   Section        0  communication.o(i.SPI_Write)
    i.SVC_Handler                            0x0800144e   Section        0  stm32f10x_it.o(i.SVC_Handler)
    i.SetBTABLE                              0x08001450   Section        0  usb_regs.o(i.SetBTABLE)
    i.SetDeviceAddress                       0x08001460   Section        0  usb_core.o(i.SetDeviceAddress)
    i.SetEPRxAddr                            0x080014ac   Section        0  usb_regs.o(i.SetEPRxAddr)
    i.SetEPRxCount                           0x080014d0   Section        0  usb_regs.o(i.SetEPRxCount)
    i.SetEPRxStatus                          0x0800151c   Section        0  usb_regs.o(i.SetEPRxStatus)
    i.SetEPRxValid                           0x08001554   Section        0  usb_regs.o(i.SetEPRxValid)
    i.SetEPTxAddr                            0x08001580   Section        0  usb_regs.o(i.SetEPTxAddr)
    i.SetEPTxCount                           0x080015a0   Section        0  usb_regs.o(i.SetEPTxCount)
    i.SetEPTxStatus                          0x080015bc   Section        0  usb_regs.o(i.SetEPTxStatus)
    i.SetEPTxValid                           0x080015f4   Section        0  usb_regs.o(i.SetEPTxValid)
    i.SetEPType                              0x08001620   Section        0  usb_regs.o(i.SetEPType)
    i.SetSysClock                            0x08001644   Section        0  system_stm32f10x.o(i.SetSysClock)
    SetSysClock                              0x08001645   Thumb Code     8  system_stm32f10x.o(i.SetSysClock)
    i.SetSysClockTo72                        0x0800164c   Section        0  system_stm32f10x.o(i.SetSysClockTo72)
    SetSysClockTo72                          0x0800164d   Thumb Code   214  system_stm32f10x.o(i.SetSysClockTo72)
    i.Set_USBClock                           0x0800172c   Section        0  hw_config.o(i.Set_USBClock)
    i.Setup0_Process                         0x08001740   Section        0  usb_core.o(i.Setup0_Process)
    i.Standard_ClearFeature                  0x080017f0   Section        0  usb_core.o(i.Standard_ClearFeature)
    i.Standard_GetConfiguration              0x0800194c   Section        0  usb_core.o(i.Standard_GetConfiguration)
    i.Standard_GetDescriptorData             0x08001978   Section        0  usb_core.o(i.Standard_GetDescriptorData)
    i.Standard_GetInterface                  0x0800199c   Section        0  usb_core.o(i.Standard_GetInterface)
    i.Standard_GetStatus                     0x080019c8   Section        0  usb_core.o(i.Standard_GetStatus)
    i.Standard_SetConfiguration              0x08001ab8   Section        0  usb_core.o(i.Standard_SetConfiguration)
    i.Standard_SetDeviceFeature              0x08001b00   Section        0  usb_core.o(i.Standard_SetDeviceFeature)
    i.Standard_SetEndPointFeature            0x08001b28   Section        0  usb_core.o(i.Standard_SetEndPointFeature)
    i.Standard_SetInterface                  0x08001be8   Section        0  usb_core.o(i.Standard_SetInterface)
    i.SysTick_Handler                        0x08001c54   Section        0  systick.o(i.SysTick_Handler)
    i.SystemInit                             0x08001c6c   Section        0  system_stm32f10x.o(i.SystemInit)
    i.TIME_DelayMs                           0x08001ccc   Section        0  time.o(i.TIME_DelayMs)
    i.USART1_IRQHandler                      0x08001cf0   Section        0  stm32f10x_it.o(i.USART1_IRQHandler)
    i.USART_Cmd                              0x08001d08   Section        0  stm32f10x_usart.o(i.USART_Cmd)
    i.USART_Config                           0x08001d20   Section        0  hw_config.o(i.USART_Config)
    i.USART_Config_Default                   0x08001df4   Section        0  hw_config.o(i.USART_Config_Default)
    i.USART_GetITStatus                      0x08001e30   Section        0  stm32f10x_usart.o(i.USART_GetITStatus)
    i.USART_ITConfig                         0x08001e84   Section        0  stm32f10x_usart.o(i.USART_ITConfig)
    i.USART_Init                             0x08001ed0   Section        0  stm32f10x_usart.o(i.USART_Init)
    i.USART_ReceiveData                      0x08001fa8   Section        0  stm32f10x_usart.o(i.USART_ReceiveData)
    i.USART_To_USB_Send_Data                 0x08001fb4   Section        0  hw_config.o(i.USART_To_USB_Send_Data)
    i.USB_Cable_Config                       0x08002028   Section        0  hw_config.o(i.USB_Cable_Config)
    i.USB_Init                               0x0800204c   Section        0  usb_init.o(i.USB_Init)
    i.USB_Interrupts_Config                  0x08002088   Section        0  hw_config.o(i.USB_Interrupts_Config)
    i.USB_Istr                               0x080020b0   Section        0  usb_istr.o(i.USB_Istr)
    i.USB_LP_CAN1_RX0_IRQHandler             0x08002128   Section        0  stm32f10x_it.o(i.USB_LP_CAN1_RX0_IRQHandler)
    i.UsageFault_Handler                     0x08002130   Section        0  stm32f10x_it.o(i.UsageFault_Handler)
    i.UserToPMABufferCopy                    0x08002134   Section        0  usb_mem.o(i.UserToPMABufferCopy)
    i.Virtual_Com_Port_Data_Setup            0x0800216c   Section        0  usb_prop.o(i.Virtual_Com_Port_Data_Setup)
    i.Virtual_Com_Port_GetConfigDescriptor   0x080021d0   Section        0  usb_prop.o(i.Virtual_Com_Port_GetConfigDescriptor)
    i.Virtual_Com_Port_GetDeviceDescriptor   0x080021e4   Section        0  usb_prop.o(i.Virtual_Com_Port_GetDeviceDescriptor)
    i.Virtual_Com_Port_GetLineCoding         0x080021f8   Section        0  usb_prop.o(i.Virtual_Com_Port_GetLineCoding)
    i.Virtual_Com_Port_GetStringDescriptor   0x08002214   Section        0  usb_prop.o(i.Virtual_Com_Port_GetStringDescriptor)
    i.Virtual_Com_Port_Get_Interface_Setting 0x0800223c   Section        0  usb_prop.o(i.Virtual_Com_Port_Get_Interface_Setting)
    i.Virtual_Com_Port_NoData_Setup          0x08002254   Section        0  usb_prop.o(i.Virtual_Com_Port_NoData_Setup)
    i.Virtual_Com_Port_Reset                 0x0800227c   Section        0  usb_prop.o(i.Virtual_Com_Port_Reset)
    i.Virtual_Com_Port_SetConfiguration      0x08002364   Section        0  usb_prop.o(i.Virtual_Com_Port_SetConfiguration)
    i.Virtual_Com_Port_SetDeviceAddress      0x0800237c   Section        0  usb_prop.o(i.Virtual_Com_Port_SetDeviceAddress)
    i.Virtual_Com_Port_SetLineCoding         0x08002388   Section        0  usb_prop.o(i.Virtual_Com_Port_SetLineCoding)
    i.Virtual_Com_Port_Status_In             0x080023a4   Section        0  usb_prop.o(i.Virtual_Com_Port_Status_In)
    i.Virtual_Com_Port_Status_Out            0x080023c0   Section        0  usb_prop.o(i.Virtual_Com_Port_Status_Out)
    i.Virtual_Com_Port_init                  0x080023c4   Section        0  usb_prop.o(i.Virtual_Com_Port_init)
    i.__0printf$4                            0x08002408   Section        0  printf4.o(i.__0printf$4)
    i.__scatterload_copy                     0x08002428   Section       14  handlers.o(i.__scatterload_copy)
    i.__scatterload_null                     0x08002436   Section        2  handlers.o(i.__scatterload_null)
    i.__scatterload_zeroinit                 0x08002438   Section       14  handlers.o(i.__scatterload_zeroinit)
    i._printf_core                           0x08002448   Section        0  printf4.o(i._printf_core)
    _printf_core                             0x08002449   Thumb Code   552  printf4.o(i._printf_core)
    i.adc_conv_proc                          0x08002674   Section        0  main.o(i.adc_conv_proc)
    i.api_set_config                         0x080026b0   Section        0  main.o(i.api_set_config)
    i.channel_init                           0x08002718   Section        0  channel.o(i.channel_init)
    i.channel_set                            0x08002720   Section        0  channel.o(i.channel_set)
    i.data_interface_hal_empty               0x0800277e   Section        0  data_interface_hal.o(i.data_interface_hal_empty)
    data_interface_hal_empty                 0x0800277f   Thumb Code     2  data_interface_hal.o(i.data_interface_hal_empty)
    i.data_interface_hal_gpio1               0x08002780   Section        0  data_interface_hal.o(i.data_interface_hal_gpio1)
    data_interface_hal_gpio1                 0x08002781   Thumb Code    26  data_interface_hal.o(i.data_interface_hal_gpio1)
    i.data_interface_hal_gpio2               0x0800279a   Section        0  data_interface_hal.o(i.data_interface_hal_gpio2)
    data_interface_hal_gpio2                 0x0800279b   Thumb Code    26  data_interface_hal.o(i.data_interface_hal_gpio2)
    i.data_interface_hal_init                0x080027b4   Section        0  data_interface_hal.o(i.data_interface_hal_init)
    i.data_interface_hal_read_proc           0x08002810   Section        0  data_interface_hal.o(i.data_interface_hal_read_proc)
    i.data_interface_hal_spi1                0x0800283c   Section        0  data_interface_hal.o(i.data_interface_hal_spi1)
    data_interface_hal_spi1                  0x0800283d   Thumb Code    18  data_interface_hal.o(i.data_interface_hal_spi1)
    i.data_interface_hal_spi2_cs1            0x0800284e   Section        0  data_interface_hal.o(i.data_interface_hal_spi2_cs1)
    data_interface_hal_spi2_cs1              0x0800284f   Thumb Code    18  data_interface_hal.o(i.data_interface_hal_spi2_cs1)
    i.data_interface_hal_spi2_cs2            0x08002860   Section        0  data_interface_hal.o(i.data_interface_hal_spi2_cs2)
    data_interface_hal_spi2_cs2              0x08002861   Thumb Code    18  data_interface_hal.o(i.data_interface_hal_spi2_cs2)
    i.data_interface_hal_usb1                0x08002874   Section        0  data_interface_hal.o(i.data_interface_hal_usb1)
    data_interface_hal_usb1                  0x08002875   Thumb Code    52  data_interface_hal.o(i.data_interface_hal_usb1)
    i.data_interface_hal_usb2                0x080028ac   Section        0  data_interface_hal.o(i.data_interface_hal_usb2)
    data_interface_hal_usb2                  0x080028ad   Thumb Code    54  data_interface_hal.o(i.data_interface_hal_usb2)
    i.data_interface_hal_write               0x080028e8   Section        0  data_interface_hal.o(i.data_interface_hal_write)
    i.fputc                                  0x0800293c   Section        0  hw_config.o(i.fputc)
    i.gain_set                               0x08002998   Section        0  gain.o(i.gain_set)
    i.hal_read_TickCounter                   0x080029d8   Section        0  data_interface_hal.o(i.hal_read_TickCounter)
    i.hal_read_gpio_spi1_miso                0x080029e4   Section        0  data_interface_hal.o(i.hal_read_gpio_spi1_miso)
    i.if_api_calculate_checksum              0x080029f4   Section        0  interface_api.o(i.if_api_calculate_checksum)
    i.if_api_data_CMD_SET_parse              0x08002a2c   Section        0  interface_api.o(i.if_api_data_CMD_SET_parse)
    i.if_api_data_set_pack                   0x08002ae0   Section        0  interface_api.o(i.if_api_data_set_pack)
    i.if_api_verify_pack                     0x08002b16   Section        0  interface_api.o(i.if_api_verify_pack)
    i.led_off                                0x08002b70   Section        0  leds.o(i.led_off)
    i.led_on                                 0x08002b94   Section        0  leds.o(i.led_on)
    i.leds_init                              0x08002bb8   Section        0  leds.o(i.leds_init)
    i.main                                   0x08002bc0   Section        0  main.o(i.main)
    i.stm32_spi_init                         0x08002c84   Section        0  stm32_spi.o(i.stm32_spi_init)
    i.stm32_spi_wr                           0x08002df0   Section        0  stm32_spi.o(i.stm32_spi_wr)
    i.systick_init                           0x08002ea4   Section        0  systick.o(i.systick_init)
    i.usb_callback                           0x08002f0c   Section        0  main.o(i.usb_callback)
    i.usb_port_set                           0x08003088   Section        0  data_interface_hal.o(i.usb_port_set)
    usb_port_set                             0x08003089   Thumb Code    78  data_interface_hal.o(i.usb_port_set)
    .constdata                               0x080030e0   Section      177  usb_desc.o(.constdata)
    .constdata                               0x08003194   Section       24  leds.o(.constdata)
    .constdata                               0x080031ac   Section       56  stm32_spi.o(.constdata)
    .constdata                               0x080031e4   Section        5  main.o(.constdata)
    __FUNCTION__                             0x080031e4   Data           5  main.o(.constdata)
    .constdata                               0x080031e9   Section        5  gain.o(.constdata)
    .data                                    0x20000000   Section       20  system_stm32f10x.o(.data)
    .data                                    0x20000014   Section       20  stm32f10x_rcc.o(.data)
    APBAHBPrescTable                         0x20000014   Data          16  stm32f10x_rcc.o(.data)
    ADCPrescTable                            0x20000024   Data           4  stm32f10x_rcc.o(.data)
    .data                                    0x20000028   Section        3  usb_core.o(.data)
    .data                                    0x2000002c   Section       20  usb_init.o(.data)
    .data                                    0x20000040   Section        4  usb_int.o(.data)
    .data                                    0x20000044   Section       26  usb_desc.o(.data)
    .data                                    0x20000060   Section        5  usb_endp.o(.data)
    .data                                    0x20000068   Section       60  usb_istr.o(.data)
    .data                                    0x200000a4   Section      148  usb_prop.o(.data)
    .data                                    0x20000138   Section        7  usb_pwr.o(.data)
    .data                                    0x20000140   Section        8  systick.o(.data)
    .data                                    0x20000148   Section       24  stm32_spi.o(.data)
    .data                                    0x20000160   Section        8  data_interface_hal.o(.data)
    .data                                    0x20000168   Section       10  main.o(.data)
    gs_start_adc                             0x20000168   Data           1  main.o(.data)
    gs_api_config                            0x2000016a   Data           8  main.o(.data)
    .data                                    0x20000174   Section        4  stdout.o(.data)
    .bss                                     0x20000178   Section       28  usb_init.o(.bss)
    .bss                                     0x20000194   Section       80  hw_config.o(.bss)
    .bss                                     0x200001e4   Section       64  usb_endp.o(.bss)
    .bss                                     0x20000224   Section     1024  main.o(.bss)
    buf                                      0x20000224   Data         512  main.o(.bss)
    cmd_buf                                  0x20000424   Data         512  main.o(.bss)
    STACK                                    0x20000628   Section     4096  startup_stm32f10x_md.o(STACK)

    Global Symbols

    Symbol Name                              Value     Ov Type        Size  Object(Section)

    BuildAttributes$$THM_ISAv4$P$D$K$B$S$PE$A:L22UL41UL21$X:L11$S22US41US21$IEEE1$IW$USESV6$~STKCKD$USESV7$~SHL$OSPACE$ROPI$EBA8$MICROLIB$REQ8$PRES8$EABIv2 0x00000000   Number         0  anon$$obj.o ABSOLUTE
    __ARM_use_no_argv                        0x00000000   Number         0  main.o ABSOLUTE
    _printf_a                                0x00000000   Number         0  stubs.o ABSOLUTE
    _printf_c                                0x00000000   Number         0  stubs.o ABSOLUTE
    _printf_charcount                        0x00000000   Number         0  stubs.o ABSOLUTE
    _printf_d                                0x00000000   Number         0  stubs.o ABSOLUTE
    _printf_e                                0x00000000   Number         0  stubs.o ABSOLUTE
    _printf_f                                0x00000000   Number         0  stubs.o ABSOLUTE
    _printf_flags                            0x00000000   Number         0  stubs.o ABSOLUTE
    _printf_fp_dec                           0x00000000   Number         0  stubs.o ABSOLUTE
    _printf_fp_hex                           0x00000000   Number         0  stubs.o ABSOLUTE
    _printf_g                                0x00000000   Number         0  stubs.o ABSOLUTE
    _printf_i                                0x00000000   Number         0  stubs.o ABSOLUTE
    _printf_int_dec                          0x00000000   Number         0  stubs.o ABSOLUTE
    _printf_l                                0x00000000   Number         0  stubs.o ABSOLUTE
    _printf_lc                               0x00000000   Number         0  stubs.o ABSOLUTE
    _printf_ll                               0x00000000   Number         0  stubs.o ABSOLUTE
    _printf_lld                              0x00000000   Number         0  stubs.o ABSOLUTE
    _printf_lli                              0x00000000   Number         0  stubs.o ABSOLUTE
    _printf_llo                              0x00000000   Number         0  stubs.o ABSOLUTE
    _printf_llu                              0x00000000   Number         0  stubs.o ABSOLUTE
    _printf_llx                              0x00000000   Number         0  stubs.o ABSOLUTE
    _printf_longlong_dec                     0x00000000   Number         0  stubs.o ABSOLUTE
    _printf_longlong_hex                     0x00000000   Number         0  stubs.o ABSOLUTE
    _printf_longlong_oct                     0x00000000   Number         0  stubs.o ABSOLUTE
    _printf_ls                               0x00000000   Number         0  stubs.o ABSOLUTE
    _printf_mbtowc                           0x00000000   Number         0  stubs.o ABSOLUTE
    _printf_n                                0x00000000   Number         0  stubs.o ABSOLUTE
    _printf_o                                0x00000000   Number         0  stubs.o ABSOLUTE
    _printf_p                                0x00000000   Number         0  stubs.o ABSOLUTE
    _printf_percent                          0x00000000   Number         0  stubs.o ABSOLUTE
    _printf_pre_padding                      0x00000000   Number         0  stubs.o ABSOLUTE
    _printf_return_value                     0x00000000   Number         0  stubs.o ABSOLUTE
    _printf_s                                0x00000000   Number         0  stubs.o ABSOLUTE
    _printf_sizespec                         0x00000000   Number         0  stubs.o ABSOLUTE
    _printf_str                              0x00000000   Number         0  stubs.o ABSOLUTE
    _printf_truncate_signed                  0x00000000   Number         0  stubs.o ABSOLUTE
    _printf_truncate_unsigned                0x00000000   Number         0  stubs.o ABSOLUTE
    _printf_u                                0x00000000   Number         0  stubs.o ABSOLUTE
    _printf_wc                               0x00000000   Number         0  stubs.o ABSOLUTE
    _printf_wctomb                           0x00000000   Number         0  stubs.o ABSOLUTE
    _printf_widthprec                        0x00000000   Number         0  stubs.o ABSOLUTE
    _printf_x                                0x00000000   Number         0  stubs.o ABSOLUTE
    __cpp_initialize__aeabi_                  - Undefined Weak Reference
    __cxa_finalize                            - Undefined Weak Reference
    _clock_init                               - Undefined Weak Reference
    _microlib_exit                            - Undefined Weak Reference
    __Vectors_Size                           0x000000ec   Number         0  startup_stm32f10x_md.o ABSOLUTE
    __Vectors                                0x08000000   Data           4  startup_stm32f10x_md.o(RESET)
    __Vectors_End                            0x080000ec   Data           0  startup_stm32f10x_md.o(RESET)
    __main                                   0x080000ed   Thumb Code     0  entry.o(.ARM.Collect$$$$00000000)
    _main_stk                                0x080000ed   Thumb Code     0  entry2.o(.ARM.Collect$$$$00000001)
    _main_scatterload                        0x080000f1   Thumb Code     0  entry5.o(.ARM.Collect$$$$00000004)
    __main_after_scatterload                 0x080000f5   Thumb Code     0  entry5.o(.ARM.Collect$$$$00000004)
    _main_clock                              0x080000f5   Thumb Code     0  entry7b.o(.ARM.Collect$$$$00000008)
    _main_cpp_init                           0x080000f5   Thumb Code     0  entry8b.o(.ARM.Collect$$$$0000000A)
    _main_init                               0x080000f5   Thumb Code     0  entry9a.o(.ARM.Collect$$$$0000000B)
    __rt_final_cpp                           0x080000fd   Thumb Code     0  entry10a.o(.ARM.Collect$$$$0000000D)
    __rt_final_exit                          0x080000fd   Thumb Code     0  entry11a.o(.ARM.Collect$$$$0000000F)
    Reset_Handler                            0x08000101   Thumb Code     8  startup_stm32f10x_md.o(.text)
    ADC1_2_IRQHandler                        0x0800011b   Thumb Code     0  startup_stm32f10x_md.o(.text)
    CAN1_RX1_IRQHandler                      0x0800011b   Thumb Code     0  startup_stm32f10x_md.o(.text)
    CAN1_SCE_IRQHandler                      0x0800011b   Thumb Code     0  startup_stm32f10x_md.o(.text)
    DMA1_Channel1_IRQHandler                 0x0800011b   Thumb Code     0  startup_stm32f10x_md.o(.text)
    DMA1_Channel2_IRQHandler                 0x0800011b   Thumb Code     0  startup_stm32f10x_md.o(.text)
    DMA1_Channel3_IRQHandler                 0x0800011b   Thumb Code     0  startup_stm32f10x_md.o(.text)
    DMA1_Channel4_IRQHandler                 0x0800011b   Thumb Code     0  startup_stm32f10x_md.o(.text)
    DMA1_Channel5_IRQHandler                 0x0800011b   Thumb Code     0  startup_stm32f10x_md.o(.text)
    DMA1_Channel6_IRQHandler                 0x0800011b   Thumb Code     0  startup_stm32f10x_md.o(.text)
    DMA1_Channel7_IRQHandler                 0x0800011b   Thumb Code     0  startup_stm32f10x_md.o(.text)
    EXTI0_IRQHandler                         0x0800011b   Thumb Code     0  startup_stm32f10x_md.o(.text)
    EXTI15_10_IRQHandler                     0x0800011b   Thumb Code     0  startup_stm32f10x_md.o(.text)
    EXTI1_IRQHandler                         0x0800011b   Thumb Code     0  startup_stm32f10x_md.o(.text)
    EXTI2_IRQHandler                         0x0800011b   Thumb Code     0  startup_stm32f10x_md.o(.text)
    EXTI3_IRQHandler                         0x0800011b   Thumb Code     0  startup_stm32f10x_md.o(.text)
    EXTI4_IRQHandler                         0x0800011b   Thumb Code     0  startup_stm32f10x_md.o(.text)
    EXTI9_5_IRQHandler                       0x0800011b   Thumb Code     0  startup_stm32f10x_md.o(.text)
    FLASH_IRQHandler                         0x0800011b   Thumb Code     0  startup_stm32f10x_md.o(.text)
    I2C1_ER_IRQHandler                       0x0800011b   Thumb Code     0  startup_stm32f10x_md.o(.text)
    I2C1_EV_IRQHandler                       0x0800011b   Thumb Code     0  startup_stm32f10x_md.o(.text)
    I2C2_ER_IRQHandler                       0x0800011b   Thumb Code     0  startup_stm32f10x_md.o(.text)
    I2C2_EV_IRQHandler                       0x0800011b   Thumb Code     0  startup_stm32f10x_md.o(.text)
    PVD_IRQHandler                           0x0800011b   Thumb Code     0  startup_stm32f10x_md.o(.text)
    RCC_IRQHandler                           0x0800011b   Thumb Code     0  startup_stm32f10x_md.o(.text)
    RTCAlarm_IRQHandler                      0x0800011b   Thumb Code     0  startup_stm32f10x_md.o(.text)
    RTC_IRQHandler                           0x0800011b   Thumb Code     0  startup_stm32f10x_md.o(.text)
    SPI1_IRQHandler                          0x0800011b   Thumb Code     0  startup_stm32f10x_md.o(.text)
    SPI2_IRQHandler                          0x0800011b   Thumb Code     0  startup_stm32f10x_md.o(.text)
    TAMPER_IRQHandler                        0x0800011b   Thumb Code     0  startup_stm32f10x_md.o(.text)
    TIM1_BRK_IRQHandler                      0x0800011b   Thumb Code     0  startup_stm32f10x_md.o(.text)
    TIM1_CC_IRQHandler                       0x0800011b   Thumb Code     0  startup_stm32f10x_md.o(.text)
    TIM1_TRG_COM_IRQHandler                  0x0800011b   Thumb Code     0  startup_stm32f10x_md.o(.text)
    TIM1_UP_IRQHandler                       0x0800011b   Thumb Code     0  startup_stm32f10x_md.o(.text)
    TIM2_IRQHandler                          0x0800011b   Thumb Code     0  startup_stm32f10x_md.o(.text)
    TIM3_IRQHandler                          0x0800011b   Thumb Code     0  startup_stm32f10x_md.o(.text)
    TIM4_IRQHandler                          0x0800011b   Thumb Code     0  startup_stm32f10x_md.o(.text)
    USART2_IRQHandler                        0x0800011b   Thumb Code     0  startup_stm32f10x_md.o(.text)
    USART3_IRQHandler                        0x0800011b   Thumb Code     0  startup_stm32f10x_md.o(.text)
    USBWakeUp_IRQHandler                     0x0800011b   Thumb Code     0  startup_stm32f10x_md.o(.text)
    USB_HP_CAN1_TX_IRQHandler                0x0800011b   Thumb Code     0  startup_stm32f10x_md.o(.text)
    WWDG_IRQHandler                          0x0800011b   Thumb Code     0  startup_stm32f10x_md.o(.text)
    __aeabi_uldivmod                         0x08000125   Thumb Code    98  uldiv.o(.text)
    __scatterload                            0x08000189   Thumb Code    28  init.o(.text)
    __scatterload_rt2                        0x08000189   Thumb Code     0  init.o(.text)
    __aeabi_llsl                             0x080001ad   Thumb Code    30  llshl.o(.text)
    _ll_shift_l                              0x080001ad   Thumb Code     0  llshl.o(.text)
    __aeabi_llsr                             0x080001cb   Thumb Code    32  llushr.o(.text)
    _ll_ushift_r                             0x080001cb   Thumb Code     0  llushr.o(.text)
    __decompress                             0x080001eb   Thumb Code     0  __dczerorl2.o(.text)
    __decompress1                            0x080001eb   Thumb Code    86  __dczerorl2.o(.text)
    AD7190_ChannelSelect                     0x08000241   Thumb Code    48  ad7190.o(i.AD7190_ChannelSelect)
    AD7190_ContinuousConvRead                0x08000271   Thumb Code   100  ad7190.o(i.AD7190_ContinuousConvRead)
    AD7190_ContinuousConvStart               0x080002d5   Thumb Code    68  ad7190.o(i.AD7190_ContinuousConvStart)
    AD7190_GetRegisterValue                  0x08000319   Thumb Code    74  ad7190.o(i.AD7190_GetRegisterValue)
    AD7190_Init                              0x08000365   Thumb Code    46  ad7190.o(i.AD7190_Init)
    AD7190_RangeSetup                        0x080003a5   Thumb Code    60  ad7190.o(i.AD7190_RangeSetup)
    AD7190_Reset                             0x080003e5   Thumb Code    46  ad7190.o(i.AD7190_Reset)
    AD7190_SetRegisterValue                  0x08000413   Thumb Code    78  ad7190.o(i.AD7190_SetRegisterValue)
    AD7190_WaitRdyGoLow                      0x08000461   Thumb Code    22  ad7190.o(i.AD7190_WaitRdyGoLow)
    BusFault_Handler                         0x0800047d   Thumb Code     4  stm32f10x_it.o(i.BusFault_Handler)
    ByteSwap                                 0x08000481   Thumb Code    12  usb_regs.o(i.ByteSwap)
    CTR_LP                                   0x0800048d   Thumb Code   774  usb_int.o(i.CTR_LP)
    ClearDTOG_RX                             0x080007b5   Thumb Code    46  usb_regs.o(i.ClearDTOG_RX)
    ClearDTOG_TX                             0x080007e9   Thumb Code    46  usb_regs.o(i.ClearDTOG_TX)
    Clear_Status_Out                         0x0800081d   Thumb Code    28  usb_regs.o(i.Clear_Status_Out)
    DebugMon_Handler                         0x08000c51   Thumb Code     2  stm32f10x_it.o(i.DebugMon_Handler)
    EP1_IN_Callback                          0x08000c53   Thumb Code     2  usb_endp.o(i.EP1_IN_Callback)
    EP3_OUT_Callback                         0x08000c55   Thumb Code    36  usb_endp.o(i.EP3_OUT_Callback)
    EP4_IN_Callback                          0x08000c81   Thumb Code     2  usb_endp.o(i.EP4_IN_Callback)
    EP6_OUT_Callback                         0x08000c83   Thumb Code    10  usb_endp.o(i.EP6_OUT_Callback)
    GPIO_Init                                0x08000c8d   Thumb Code   278  stm32f10x_gpio.o(i.GPIO_Init)
    GPIO_ReadInputDataBit                    0x08000da3   Thumb Code    18  stm32f10x_gpio.o(i.GPIO_ReadInputDataBit)
    GPIO_ResetBits                           0x08000db5   Thumb Code     4  stm32f10x_gpio.o(i.GPIO_ResetBits)
    GPIO_SetBits                             0x08000db9   Thumb Code     4  stm32f10x_gpio.o(i.GPIO_SetBits)
    GetEPRxAddr                              0x08000dbd   Thumb Code    24  usb_regs.o(i.GetEPRxAddr)
    GetEPRxCount                             0x08000ddd   Thumb Code    26  usb_regs.o(i.GetEPRxCount)
    GetEPTxAddr                              0x08000e01   Thumb Code    22  usb_regs.o(i.GetEPTxAddr)
    GetEPTxStatus                            0x08000e21   Thumb Code    18  usb_regs.o(i.GetEPTxStatus)
    Get_SerialNum                            0x08000e39   Thumb Code    62  hw_config.o(i.Get_SerialNum)
    HardFault_Handler                        0x08000e81   Thumb Code     4  stm32f10x_it.o(i.HardFault_Handler)
    In0_Process                              0x08000e85   Thumb Code    98  usb_core.o(i.In0_Process)
    MemManage_Handler                        0x08000f61   Thumb Code     4  stm32f10x_it.o(i.MemManage_Handler)
    NMI_Handler                              0x08000f65   Thumb Code     2  stm32f10x_it.o(i.NMI_Handler)
    NOP_Process                              0x08000f67   Thumb Code     2  usb_core.o(i.NOP_Process)
    NVIC_Init                                0x08000f69   Thumb Code   100  misc.o(i.NVIC_Init)
    NVIC_PriorityGroupConfig                 0x08000fd9   Thumb Code    10  misc.o(i.NVIC_PriorityGroupConfig)
    Out0_Process                             0x08001131   Thumb Code    70  usb_core.o(i.Out0_Process)
    PMAToUserBufferCopy                      0x08001181   Thumb Code    34  usb_mem.o(i.PMAToUserBufferCopy)
    PendSV_Handler                           0x080011a9   Thumb Code     2  stm32f10x_it.o(i.PendSV_Handler)
    Post0_Process                            0x080011ad   Thumb Code    54  usb_core.o(i.Post0_Process)
    PowerOn                                  0x080011f5   Thumb Code    54  usb_pwr.o(i.PowerOn)
    RCC_APB1PeriphClockCmd                   0x08001235   Thumb Code    26  stm32f10x_rcc.o(i.RCC_APB1PeriphClockCmd)
    RCC_APB2PeriphClockCmd                   0x08001255   Thumb Code    26  stm32f10x_rcc.o(i.RCC_APB2PeriphClockCmd)
    RCC_GetClocksFreq                        0x08001275   Thumb Code   192  stm32f10x_rcc.o(i.RCC_GetClocksFreq)
    RCC_USBCLKConfig                         0x08001349   Thumb Code     6  stm32f10x_rcc.o(i.RCC_USBCLKConfig)
    SOF_Callback                             0x08001355   Thumb Code     8  usb_endp.o(i.SOF_Callback)
    SPI_Cmd                                  0x08001361   Thumb Code    24  stm32f10x_spi.o(i.SPI_Cmd)
    SPI_I2S_GetFlagStatus                    0x08001379   Thumb Code    18  stm32f10x_spi.o(i.SPI_I2S_GetFlagStatus)
    SPI_I2S_ReceiveData                      0x0800138b   Thumb Code     6  stm32f10x_spi.o(i.SPI_I2S_ReceiveData)
    SPI_I2S_SendData                         0x08001391   Thumb Code     4  stm32f10x_spi.o(i.SPI_I2S_SendData)
    SPI_Init                                 0x08001395   Thumb Code    60  stm32f10x_spi.o(i.SPI_Init)
    SPI_Read                                 0x080013d1   Thumb Code    60  communication.o(i.SPI_Read)
    SPI_SSOutputCmd                          0x0800140d   Thumb Code    24  stm32f10x_spi.o(i.SPI_SSOutputCmd)
    SPI_Write                                0x08001425   Thumb Code    42  communication.o(i.SPI_Write)
    SVC_Handler                              0x0800144f   Thumb Code     2  stm32f10x_it.o(i.SVC_Handler)
    SetBTABLE                                0x08001451   Thumb Code    12  usb_regs.o(i.SetBTABLE)
    SetDeviceAddress                         0x08001461   Thumb Code    62  usb_core.o(i.SetDeviceAddress)
    SetEPRxAddr                              0x080014ad   Thumb Code    26  usb_regs.o(i.SetEPRxAddr)
    SetEPRxCount                             0x080014d1   Thumb Code    68  usb_regs.o(i.SetEPRxCount)
    SetEPRxStatus                            0x0800151d   Thumb Code    52  usb_regs.o(i.SetEPRxStatus)
    SetEPRxValid                             0x08001555   Thumb Code    38  usb_regs.o(i.SetEPRxValid)
    SetEPTxAddr                              0x08001581   Thumb Code    24  usb_regs.o(i.SetEPTxAddr)
    SetEPTxCount                             0x080015a1   Thumb Code    20  usb_regs.o(i.SetEPTxCount)
    SetEPTxStatus                            0x080015bd   Thumb Code    52  usb_regs.o(i.SetEPTxStatus)
    SetEPTxValid                             0x080015f5   Thumb Code    38  usb_regs.o(i.SetEPTxValid)
    SetEPType                                0x08001621   Thumb Code    32  usb_regs.o(i.SetEPType)
    Set_USBClock                             0x0800172d   Thumb Code    18  hw_config.o(i.Set_USBClock)
    Setup0_Process                           0x08001741   Thumb Code   162  usb_core.o(i.Setup0_Process)
    Standard_ClearFeature                    0x080017f1   Thumb Code   326  usb_core.o(i.Standard_ClearFeature)
    Standard_GetConfiguration                0x0800194d   Thumb Code    34  usb_core.o(i.Standard_GetConfiguration)
    Standard_GetDescriptorData               0x08001979   Thumb Code    32  usb_core.o(i.Standard_GetDescriptorData)
    Standard_GetInterface                    0x0800199d   Thumb Code    34  usb_core.o(i.Standard_GetInterface)
    Standard_GetStatus                       0x080019c9   Thumb Code   224  usb_core.o(i.Standard_GetStatus)
    Standard_SetConfiguration                0x08001ab9   Thumb Code    60  usb_core.o(i.Standard_SetConfiguration)
    Standard_SetDeviceFeature                0x08001b01   Thumb Code    30  usb_core.o(i.Standard_SetDeviceFeature)
    Standard_SetEndPointFeature              0x08001b29   Thumb Code   176  usb_core.o(i.Standard_SetEndPointFeature)
    Standard_SetInterface                    0x08001be9   Thumb Code    96  usb_core.o(i.Standard_SetInterface)
    SysTick_Handler                          0x08001c55   Thumb Code    20  systick.o(i.SysTick_Handler)
    SystemInit                               0x08001c6d   Thumb Code    78  system_stm32f10x.o(i.SystemInit)
    TIME_DelayMs                             0x08001ccd   Thumb Code    34  time.o(i.TIME_DelayMs)
    USART1_IRQHandler                        0x08001cf1   Thumb Code    20  stm32f10x_it.o(i.USART1_IRQHandler)
    USART_Cmd                                0x08001d09   Thumb Code    24  stm32f10x_usart.o(i.USART_Cmd)
    USART_Config                             0x08001d21   Thumb Code   200  hw_config.o(i.USART_Config)
    USART_Config_Default                     0x08001df5   Thumb Code    50  hw_config.o(i.USART_Config_Default)
    USART_GetITStatus                        0x08001e31   Thumb Code    84  stm32f10x_usart.o(i.USART_GetITStatus)
    USART_ITConfig                           0x08001e85   Thumb Code    74  stm32f10x_usart.o(i.USART_ITConfig)
    USART_Init                               0x08001ed1   Thumb Code   210  stm32f10x_usart.o(i.USART_Init)
    USART_ReceiveData                        0x08001fa9   Thumb Code    10  stm32f10x_usart.o(i.USART_ReceiveData)
    USART_To_USB_Send_Data                   0x08001fb5   Thumb Code    98  hw_config.o(i.USART_To_USB_Send_Data)
    USB_Cable_Config                         0x08002029   Thumb Code    30  hw_config.o(i.USB_Cable_Config)
    USB_Init                                 0x0800204d   Thumb Code    36  usb_init.o(i.USB_Init)
    USB_Interrupts_Config                    0x08002089   Thumb Code    40  hw_config.o(i.USB_Interrupts_Config)
    USB_Istr                                 0x080020b1   Thumb Code   100  usb_istr.o(i.USB_Istr)
    USB_LP_CAN1_RX0_IRQHandler               0x08002129   Thumb Code     8  stm32f10x_it.o(i.USB_LP_CAN1_RX0_IRQHandler)
    UsageFault_Handler                       0x08002131   Thumb Code     4  stm32f10x_it.o(i.UsageFault_Handler)
    UserToPMABufferCopy                      0x08002135   Thumb Code    52  usb_mem.o(i.UserToPMABufferCopy)
    Virtual_Com_Port_Data_Setup              0x0800216d   Thumb Code    82  usb_prop.o(i.Virtual_Com_Port_Data_Setup)
    Virtual_Com_Port_GetConfigDescriptor     0x080021d1   Thumb Code    14  usb_prop.o(i.Virtual_Com_Port_GetConfigDescriptor)
    Virtual_Com_Port_GetDeviceDescriptor     0x080021e5   Thumb Code    14  usb_prop.o(i.Virtual_Com_Port_GetDeviceDescriptor)
    Virtual_Com_Port_GetLineCoding           0x080021f9   Thumb Code    20  usb_prop.o(i.Virtual_Com_Port_GetLineCoding)
    Virtual_Com_Port_GetStringDescriptor     0x08002215   Thumb Code    32  usb_prop.o(i.Virtual_Com_Port_GetStringDescriptor)
    Virtual_Com_Port_Get_Interface_Setting   0x0800223d   Thumb Code    22  usb_prop.o(i.Virtual_Com_Port_Get_Interface_Setting)
    Virtual_Com_Port_NoData_Setup            0x08002255   Thumb Code    36  usb_prop.o(i.Virtual_Com_Port_NoData_Setup)
    Virtual_Com_Port_Reset                   0x0800227d   Thumb Code   216  usb_prop.o(i.Virtual_Com_Port_Reset)
    Virtual_Com_Port_SetConfiguration        0x08002365   Thumb Code    14  usb_prop.o(i.Virtual_Com_Port_SetConfiguration)
    Virtual_Com_Port_SetDeviceAddress        0x0800237d   Thumb Code     8  usb_prop.o(i.Virtual_Com_Port_SetDeviceAddress)
    Virtual_Com_Port_SetLineCoding           0x08002389   Thumb Code    20  usb_prop.o(i.Virtual_Com_Port_SetLineCoding)
    Virtual_Com_Port_Status_In               0x080023a5   Thumb Code    22  usb_prop.o(i.Virtual_Com_Port_Status_In)
    Virtual_Com_Port_Status_Out              0x080023c1   Thumb Code     2  usb_prop.o(i.Virtual_Com_Port_Status_Out)
    Virtual_Com_Port_init                    0x080023c5   Thumb Code    50  usb_prop.o(i.Virtual_Com_Port_init)
    __0printf$4                              0x08002409   Thumb Code    22  printf4.o(i.__0printf$4)
    __1printf$4                              0x08002409   Thumb Code     0  printf4.o(i.__0printf$4)
    __2printf                                0x08002409   Thumb Code     0  printf4.o(i.__0printf$4)
    __scatterload_copy                       0x08002429   Thumb Code    14  handlers.o(i.__scatterload_copy)
    __scatterload_null                       0x08002437   Thumb Code     2  handlers.o(i.__scatterload_null)
    __scatterload_zeroinit                   0x08002439   Thumb Code    14  handlers.o(i.__scatterload_zeroinit)
    adc_conv_proc                            0x08002675   Thumb Code    52  main.o(i.adc_conv_proc)
    api_set_config                           0x080026b1   Thumb Code    98  main.o(i.api_set_config)
    channel_init                             0x08002719   Thumb Code     8  channel.o(i.channel_init)
    channel_set                              0x08002721   Thumb Code    94  channel.o(i.channel_set)
    data_interface_hal_init                  0x080027b5   Thumb Code    84  data_interface_hal.o(i.data_interface_hal_init)
    data_interface_hal_read_proc             0x08002811   Thumb Code    36  data_interface_hal.o(i.data_interface_hal_read_proc)
    data_interface_hal_write                 0x080028e9   Thumb Code    50  data_interface_hal.o(i.data_interface_hal_write)
    fputc                                    0x0800293d   Thumb Code    82  hw_config.o(i.fputc)
    gain_set                                 0x08002999   Thumb Code    58  gain.o(i.gain_set)
    hal_read_TickCounter                     0x080029d9   Thumb Code     6  data_interface_hal.o(i.hal_read_TickCounter)
    hal_read_gpio_spi1_miso                  0x080029e5   Thumb Code    12  data_interface_hal.o(i.hal_read_gpio_spi1_miso)
    if_api_calculate_checksum                0x080029f5   Thumb Code    56  interface_api.o(i.if_api_calculate_checksum)
    if_api_data_CMD_SET_parse                0x08002a2d   Thumb Code   180  interface_api.o(i.if_api_data_CMD_SET_parse)
    if_api_data_set_pack                     0x08002ae1   Thumb Code    54  interface_api.o(i.if_api_data_set_pack)
    if_api_verify_pack                       0x08002b17   Thumb Code    90  interface_api.o(i.if_api_verify_pack)
    led_off                                  0x08002b71   Thumb Code    32  leds.o(i.led_off)
    led_on                                   0x08002b95   Thumb Code    32  leds.o(i.led_on)
    leds_init                                0x08002bb9   Thumb Code     8  leds.o(i.leds_init)
    main                                     0x08002bc1   Thumb Code    98  main.o(i.main)
    stm32_spi_init                           0x08002c85   Thumb Code   354  stm32_spi.o(i.stm32_spi_init)
    stm32_spi_wr                             0x08002df1   Thumb Code   166  stm32_spi.o(i.stm32_spi_wr)
    systick_init                             0x08002ea5   Thumb Code    92  systick.o(i.systick_init)
    usb_callback                             0x08002f0d   Thumb Code   366  main.o(i.usb_callback)
    Virtual_Com_Port_DeviceDescriptor        0x080030e0   Data          18  usb_desc.o(.constdata)
    Virtual_Com_Port_ConfigDescriptor        0x080030f2   Data          67  usb_desc.o(.constdata)
    Virtual_Com_Port_StringLangID            0x08003135   Data           4  usb_desc.o(.constdata)
    Virtual_Com_Port_StringVendor            0x08003139   Data          38  usb_desc.o(.constdata)
    Virtual_Com_Port_StringProduct           0x0800315f   Data          50  usb_desc.o(.constdata)
    LED_GPIO                                 0x08003194   Data          24  leds.o(.constdata)
    STM32_SPI                                0x080031ac   Data          56  stm32_spi.o(.constdata)
    gain_table                               0x080031e9   Data           5  gain.o(.constdata)
    Region$$Table$$Base                      0x080031f0   Number         0  anon$$obj.o(Region$$Table)
    Region$$Table$$Limit                     0x08003210   Number         0  anon$$obj.o(Region$$Table)
    SystemCoreClock                          0x20000000   Data           4  system_stm32f10x.o(.data)
    AHBPrescTable                            0x20000004   Data          16  system_stm32f10x.o(.data)
    StatusInfo                               0x20000028   Data           2  usb_core.o(.data)
    Data_Mul_MaxPacketSize                   0x2000002a   Data           1  usb_core.o(.data)
    EPindex                                  0x2000002c   Data           1  usb_init.o(.data)
    pInformation                             0x20000030   Data           4  usb_init.o(.data)
    pProperty                                0x20000034   Data           4  usb_init.o(.data)
    SaveState                                0x20000038   Data           2  usb_init.o(.data)
    wInterrupt_Mask                          0x2000003a   Data           2  usb_init.o(.data)
    pUser_Standard_Requests                  0x2000003c   Data           4  usb_init.o(.data)
    SaveRState                               0x20000040   Data           2  usb_int.o(.data)
    SaveTState                               0x20000042   Data           2  usb_int.o(.data)
    Virtual_Com_Port_StringSerial            0x20000044   Data          26  usb_desc.o(.data)
    count_out                                0x20000060   Data           4  usb_endp.o(.data)
    count_in                                 0x20000064   Data           1  usb_endp.o(.data)
    wIstr                                    0x20000068   Data           2  usb_istr.o(.data)
    bIntPackSOF                              0x2000006a   Data           1  usb_istr.o(.data)
    pEpInt_IN                                0x2000006c   Data          28  usb_istr.o(.data)
    pEpInt_OUT                               0x20000088   Data          28  usb_istr.o(.data)
    Request                                  0x200000a4   Data           1  usb_prop.o(.data)
    linecoding                               0x200000a8   Data           8  usb_prop.o(.data)
    Device_Table                             0x200000b0   Data           2  usb_prop.o(.data)
    Device_Property                          0x200000b4   Data          48  usb_prop.o(.data)
    User_Standard_Requests                   0x200000e4   Data          36  usb_prop.o(.data)
    Device_Descriptor                        0x20000108   Data           8  usb_prop.o(.data)
    Config_Descriptor                        0x20000110   Data           8  usb_prop.o(.data)
    String_Descriptor                        0x20000118   Data          32  usb_prop.o(.data)
    bDeviceState                             0x20000138   Data           4  usb_pwr.o(.data)
    fSuspendEnabled                          0x2000013c   Data           1  usb_pwr.o(.data)
    ResumeS                                  0x2000013d   Data           2  usb_pwr.o(.data)
    clk_count                                0x20000140   Data           8  systick.o(.data)
    SPI2_CS                                  0x20000148   Data          24  stm32_spi.o(.data)
    timer                                    0x20000160   Data           8  data_interface_hal.o(.data)
    __stdout                                 0x20000174   Data           4  stdout.o(.data)
    Device_Info                              0x20000178   Data          28  usb_init.o(.bss)
    USART_InitStructure                      0x20000194   Data          16  hw_config.o(.bss)
    buffer_in                                0x200001a4   Data          64  hw_config.o(.bss)
    buffer_out                               0x200001e4   Data          64  usb_endp.o(.bss)
    __initial_sp                             0x20001628   Data           0  startup_stm32f10x_md.o(STACK)



==============================================================================

Memory Map of the image

  Image Entry point : 0x080000ed

  Load Region LR_IROM1 (Base: 0x08000000, Size: 0x00003388, Max: 0x00010000, ABSOLUTE, COMPRESSED[0x000032bc])

    Execution Region ER_IROM1 (Base: 0x08000000, Size: 0x00003210, Max: 0x00010000, ABSOLUTE)

    Base Addr    Size         Type   Attr      Idx    E Section Name        Object

    0x08000000   0x000000ec   Data   RO            3    RESET               startup_stm32f10x_md.o
    0x080000ec   0x00000000   Code   RO         4477  * .ARM.Collect$$$$00000000  mc_w.l(entry.o)
    0x080000ec   0x00000004   Code   RO         4741    .ARM.Collect$$$$00000001  mc_w.l(entry2.o)
    0x080000f0   0x00000004   Code   RO         4744    .ARM.Collect$$$$00000004  mc_w.l(entry5.o)
    0x080000f4   0x00000000   Code   RO         4746    .ARM.Collect$$$$00000008  mc_w.l(entry7b.o)
    0x080000f4   0x00000000   Code   RO         4748    .ARM.Collect$$$$0000000A  mc_w.l(entry8b.o)
    0x080000f4   0x00000008   Code   RO         4749    .ARM.Collect$$$$0000000B  mc_w.l(entry9a.o)
    0x080000fc   0x00000000   Code   RO         4751    .ARM.Collect$$$$0000000D  mc_w.l(entry10a.o)
    0x080000fc   0x00000000   Code   RO         4753    .ARM.Collect$$$$0000000F  mc_w.l(entry11a.o)
    0x080000fc   0x00000004   Code   RO         4742    .ARM.Collect$$$$00002712  mc_w.l(entry2.o)
    0x08000100   0x00000024   Code   RO            4    .text               startup_stm32f10x_md.o
    0x08000124   0x00000062   Code   RO         4758    .text               mc_w.l(uldiv.o)
    0x08000186   0x00000002   PAD
    0x08000188   0x00000024   Code   RO         4771    .text               mc_w.l(init.o)
    0x080001ac   0x0000001e   Code   RO         4773    .text               mc_w.l(llshl.o)
    0x080001ca   0x00000020   Code   RO         4775    .text               mc_w.l(llushr.o)
    0x080001ea   0x00000056   Code   RO         4789    .text               mc_w.l(__dczerorl2.o)
    0x08000240   0x00000030   Code   RO         4189    i.AD7190_ChannelSelect  ad7190.o
    0x08000270   0x00000064   Code   RO         4190    i.AD7190_ContinuousConvRead  ad7190.o
    0x080002d4   0x00000044   Code   RO         4191    i.AD7190_ContinuousConvStart  ad7190.o
    0x08000318   0x0000004a   Code   RO         4193    i.AD7190_GetRegisterValue  ad7190.o
    0x08000362   0x00000002   PAD
    0x08000364   0x00000040   Code   RO         4194    i.AD7190_Init       ad7190.o
    0x080003a4   0x00000040   Code   RO         4195    i.AD7190_RangeSetup  ad7190.o
    0x080003e4   0x0000002e   Code   RO         4196    i.AD7190_Reset      ad7190.o
    0x08000412   0x0000004e   Code   RO         4198    i.AD7190_SetRegisterValue  ad7190.o
    0x08000460   0x0000001c   Code   RO         4201    i.AD7190_WaitRdyGoLow  ad7190.o
    0x0800047c   0x00000004   Code   RO         3928    i.BusFault_Handler  stm32f10x_it.o
    0x08000480   0x0000000c   Code   RO         3238    i.ByteSwap          usb_regs.o
    0x0800048c   0x00000328   Code   RO         3191    i.CTR_LP            usb_int.o
    0x080007b4   0x00000034   Code   RO         3239    i.ClearDTOG_RX      usb_regs.o
    0x080007e8   0x00000034   Code   RO         3240    i.ClearDTOG_TX      usb_regs.o
    0x0800081c   0x00000020   Code   RO         3245    i.Clear_Status_Out  usb_regs.o
    0x0800083c   0x000000c0   Code   RO         3015    i.DataStageIn       usb_core.o
    0x080008fc   0x000000bc   Code   RO         3016    i.DataStageOut      usb_core.o
    0x080009b8   0x00000298   Code   RO         3017    i.Data_Setup0       usb_core.o
    0x08000c50   0x00000002   Code   RO         3929    i.DebugMon_Handler  stm32f10x_it.o
    0x08000c52   0x00000002   Code   RO         3724    i.EP1_IN_Callback   usb_endp.o
    0x08000c54   0x0000002c   Code   RO         3725    i.EP3_OUT_Callback  usb_endp.o
    0x08000c80   0x00000002   Code   RO         3726    i.EP4_IN_Callback   usb_endp.o
    0x08000c82   0x0000000a   Code   RO         3727    i.EP6_OUT_Callback  usb_endp.o
    0x08000c8c   0x00000116   Code   RO         1181    i.GPIO_Init         stm32f10x_gpio.o
    0x08000da2   0x00000012   Code   RO         1185    i.GPIO_ReadInputDataBit  stm32f10x_gpio.o
    0x08000db4   0x00000004   Code   RO         1188    i.GPIO_ResetBits    stm32f10x_gpio.o
    0x08000db8   0x00000004   Code   RO         1189    i.GPIO_SetBits      stm32f10x_gpio.o
    0x08000dbc   0x00000020   Code   RO         3257    i.GetEPRxAddr       usb_regs.o
    0x08000ddc   0x00000024   Code   RO         3258    i.GetEPRxCount      usb_regs.o
    0x08000e00   0x00000020   Code   RO         3260    i.GetEPTxAddr       usb_regs.o
    0x08000e20   0x00000018   Code   RO         3262    i.GetEPTxStatus     usb_regs.o
    0x08000e38   0x00000048   Code   RO         3599    i.Get_SerialNum     hw_config.o
    0x08000e80   0x00000004   Code   RO         3930    i.HardFault_Handler  stm32f10x_it.o
    0x08000e84   0x00000070   Code   RO         3018    i.In0_Process       usb_core.o
    0x08000ef4   0x0000006c   Code   RO         4026    i.LED_GPIO_Configuration  leds.o
    0x08000f60   0x00000004   Code   RO         3931    i.MemManage_Handler  stm32f10x_it.o
    0x08000f64   0x00000002   Code   RO         3932    i.NMI_Handler       stm32f10x_it.o
    0x08000f66   0x00000002   Code   RO         3019    i.NOP_Process       usb_core.o
    0x08000f68   0x00000070   Code   RO           86    i.NVIC_Init         misc.o
    0x08000fd8   0x00000014   Code   RO           87    i.NVIC_PriorityGroupConfig  misc.o
    0x08000fec   0x00000144   Code   RO         3020    i.NoData_Setup0     usb_core.o
    0x08001130   0x00000050   Code   RO         3021    i.Out0_Process      usb_core.o
    0x08001180   0x00000028   Code   RO         3220    i.PMAToUserBufferCopy  usb_mem.o
    0x080011a8   0x00000002   Code   RO         3933    i.PendSV_Handler    stm32f10x_it.o
    0x080011aa   0x00000002   PAD
    0x080011ac   0x00000048   Code   RO         3022    i.Post0_Process     usb_core.o
    0x080011f4   0x00000040   Code   RO         3887    i.PowerOn           usb_pwr.o
    0x08001234   0x00000020   Code   RO         1603    i.RCC_APB1PeriphClockCmd  stm32f10x_rcc.o
    0x08001254   0x00000020   Code   RO         1605    i.RCC_APB2PeriphClockCmd  stm32f10x_rcc.o
    0x08001274   0x000000d4   Code   RO         1613    i.RCC_GetClocksFreq  stm32f10x_rcc.o
    0x08001348   0x0000000c   Code   RO         1631    i.RCC_USBCLKConfig  stm32f10x_rcc.o
    0x08001354   0x0000000c   Code   RO         3728    i.SOF_Callback      usb_endp.o
    0x08001360   0x00000018   Code   RO         2088    i.SPI_Cmd           stm32f10x_spi.o
    0x08001378   0x00000012   Code   RO         2096    i.SPI_I2S_GetFlagStatus  stm32f10x_spi.o
    0x0800138a   0x00000006   Code   RO         2099    i.SPI_I2S_ReceiveData  stm32f10x_spi.o
    0x08001390   0x00000004   Code   RO         2100    i.SPI_I2S_SendData  stm32f10x_spi.o
    0x08001394   0x0000003c   Code   RO         2101    i.SPI_Init          stm32f10x_spi.o
    0x080013d0   0x0000003c   Code   RO         4291    i.SPI_Read          communication.o
    0x0800140c   0x00000018   Code   RO         2103    i.SPI_SSOutputCmd   stm32f10x_spi.o
    0x08001424   0x0000002a   Code   RO         4292    i.SPI_Write         communication.o
    0x0800144e   0x00000002   Code   RO         3934    i.SVC_Handler       stm32f10x_it.o
    0x08001450   0x00000010   Code   RO         3268    i.SetBTABLE         usb_regs.o
    0x08001460   0x0000004c   Code   RO         3023    i.SetDeviceAddress  usb_core.o
    0x080014ac   0x00000024   Code   RO         3282    i.SetEPRxAddr       usb_regs.o
    0x080014d0   0x0000004c   Code   RO         3283    i.SetEPRxCount      usb_regs.o
    0x0800151c   0x00000038   Code   RO         3284    i.SetEPRxStatus     usb_regs.o
    0x08001554   0x0000002c   Code   RO         3285    i.SetEPRxValid      usb_regs.o
    0x08001580   0x00000020   Code   RO         3286    i.SetEPTxAddr       usb_regs.o
    0x080015a0   0x0000001c   Code   RO         3287    i.SetEPTxCount      usb_regs.o
    0x080015bc   0x00000038   Code   RO         3288    i.SetEPTxStatus     usb_regs.o
    0x080015f4   0x0000002c   Code   RO         3289    i.SetEPTxValid      usb_regs.o
    0x08001620   0x00000024   Code   RO         3290    i.SetEPType         usb_regs.o
    0x08001644   0x00000008   Code   RO           24    i.SetSysClock       system_stm32f10x.o
    0x0800164c   0x000000e0   Code   RO           25    i.SetSysClockTo72   system_stm32f10x.o
    0x0800172c   0x00000012   Code   RO         3602    i.Set_USBClock      hw_config.o
    0x0800173e   0x00000002   PAD
    0x08001740   0x000000b0   Code   RO         3024    i.Setup0_Process    usb_core.o
    0x080017f0   0x0000015c   Code   RO         3025    i.Standard_ClearFeature  usb_core.o
    0x0800194c   0x0000002c   Code   RO         3026    i.Standard_GetConfiguration  usb_core.o
    0x08001978   0x00000024   Code   RO         3027    i.Standard_GetDescriptorData  usb_core.o
    0x0800199c   0x0000002c   Code   RO         3028    i.Standard_GetInterface  usb_core.o
    0x080019c8   0x000000f0   Code   RO         3029    i.Standard_GetStatus  usb_core.o
    0x08001ab8   0x00000048   Code   RO         3030    i.Standard_SetConfiguration  usb_core.o
    0x08001b00   0x00000028   Code   RO         3031    i.Standard_SetDeviceFeature  usb_core.o
    0x08001b28   0x000000c0   Code   RO         3032    i.Standard_SetEndPointFeature  usb_core.o
    0x08001be8   0x0000006c   Code   RO         3033    i.Standard_SetInterface  usb_core.o
    0x08001c54   0x00000018   Code   RO         3994    i.SysTick_Handler   systick.o
    0x08001c6c   0x00000060   Code   RO           27    i.SystemInit        system_stm32f10x.o
    0x08001ccc   0x00000022   Code   RO         4329    i.TIME_DelayMs      time.o
    0x08001cee   0x00000002   PAD
    0x08001cf0   0x00000018   Code   RO         3935    i.USART1_IRQHandler  stm32f10x_it.o
    0x08001d08   0x00000018   Code   RO         2782    i.USART_Cmd         stm32f10x_usart.o
    0x08001d20   0x000000d4   Code   RO         3603    i.USART_Config      hw_config.o
    0x08001df4   0x0000003c   Code   RO         3604    i.USART_Config_Default  hw_config.o
    0x08001e30   0x00000054   Code   RO         2786    i.USART_GetITStatus  stm32f10x_usart.o
    0x08001e84   0x0000004a   Code   RO         2788    i.USART_ITConfig    stm32f10x_usart.o
    0x08001ece   0x00000002   PAD
    0x08001ed0   0x000000d8   Code   RO         2789    i.USART_Init        stm32f10x_usart.o
    0x08001fa8   0x0000000a   Code   RO         2796    i.USART_ReceiveData  stm32f10x_usart.o
    0x08001fb2   0x00000002   PAD
    0x08001fb4   0x00000074   Code   RO         3605    i.USART_To_USB_Send_Data  hw_config.o
    0x08002028   0x00000024   Code   RO         3606    i.USB_Cable_Config  hw_config.o
    0x0800204c   0x0000003c   Code   RO         3167    i.USB_Init          usb_init.o
    0x08002088   0x00000028   Code   RO         3607    i.USB_Interrupts_Config  hw_config.o
    0x080020b0   0x00000078   Code   RO         3767    i.USB_Istr          usb_istr.o
    0x08002128   0x00000008   Code   RO         3936    i.USB_LP_CAN1_RX0_IRQHandler  stm32f10x_it.o
    0x08002130   0x00000004   Code   RO         3937    i.UsageFault_Handler  stm32f10x_it.o
    0x08002134   0x00000038   Code   RO         3221    i.UserToPMABufferCopy  usb_mem.o
    0x0800216c   0x00000064   Code   RO         3785    i.Virtual_Com_Port_Data_Setup  usb_prop.o
    0x080021d0   0x00000014   Code   RO         3786    i.Virtual_Com_Port_GetConfigDescriptor  usb_prop.o
    0x080021e4   0x00000014   Code   RO         3787    i.Virtual_Com_Port_GetDeviceDescriptor  usb_prop.o
    0x080021f8   0x0000001c   Code   RO         3788    i.Virtual_Com_Port_GetLineCoding  usb_prop.o
    0x08002214   0x00000028   Code   RO         3789    i.Virtual_Com_Port_GetStringDescriptor  usb_prop.o
    0x0800223c   0x00000016   Code   RO         3790    i.Virtual_Com_Port_Get_Interface_Setting  usb_prop.o
    0x08002252   0x00000002   PAD
    0x08002254   0x00000028   Code   RO         3791    i.Virtual_Com_Port_NoData_Setup  usb_prop.o
    0x0800227c   0x000000e8   Code   RO         3792    i.Virtual_Com_Port_Reset  usb_prop.o
    0x08002364   0x00000018   Code   RO         3793    i.Virtual_Com_Port_SetConfiguration  usb_prop.o
    0x0800237c   0x0000000c   Code   RO         3794    i.Virtual_Com_Port_SetDeviceAddress  usb_prop.o
    0x08002388   0x0000001c   Code   RO         3795    i.Virtual_Com_Port_SetLineCoding  usb_prop.o
    0x080023a4   0x0000001c   Code   RO         3796    i.Virtual_Com_Port_Status_In  usb_prop.o
    0x080023c0   0x00000002   Code   RO         3797    i.Virtual_Com_Port_Status_Out  usb_prop.o
    0x080023c2   0x00000002   PAD
    0x080023c4   0x00000044   Code   RO         3798    i.Virtual_Com_Port_init  usb_prop.o
    0x08002408   0x00000020   Code   RO         4591    i.__0printf$4       mc_w.l(printf4.o)
    0x08002428   0x0000000e   Code   RO         4783    i.__scatterload_copy  mc_w.l(handlers.o)
    0x08002436   0x00000002   Code   RO         4784    i.__scatterload_null  mc_w.l(handlers.o)
    0x08002438   0x0000000e   Code   RO         4785    i.__scatterload_zeroinit  mc_w.l(handlers.o)
    0x08002446   0x00000002   PAD
    0x08002448   0x0000022c   Code   RO         4598    i._printf_core      mc_w.l(printf4.o)
    0x08002674   0x0000003c   Code   RO         4365    i.adc_conv_proc     main.o
    0x080026b0   0x00000068   Code   RO         4366    i.api_set_config    main.o
    0x08002718   0x00000008   Code   RO         4459    i.channel_init      channel.o
    0x08002720   0x0000005e   Code   RO         4460    i.channel_set       channel.o
    0x0800277e   0x00000002   Code   RO         4097    i.data_interface_hal_empty  data_interface_hal.o
    0x08002780   0x0000001a   Code   RO         4098    i.data_interface_hal_gpio1  data_interface_hal.o
    0x0800279a   0x0000001a   Code   RO         4099    i.data_interface_hal_gpio2  data_interface_hal.o
    0x080027b4   0x0000005c   Code   RO         4100    i.data_interface_hal_init  data_interface_hal.o
    0x08002810   0x0000002c   Code   RO         4101    i.data_interface_hal_read_proc  data_interface_hal.o
    0x0800283c   0x00000012   Code   RO         4102    i.data_interface_hal_spi1  data_interface_hal.o
    0x0800284e   0x00000012   Code   RO         4103    i.data_interface_hal_spi2_cs1  data_interface_hal.o
    0x08002860   0x00000012   Code   RO         4104    i.data_interface_hal_spi2_cs2  data_interface_hal.o
    0x08002872   0x00000002   PAD
    0x08002874   0x00000038   Code   RO         4105    i.data_interface_hal_usb1  data_interface_hal.o
    0x080028ac   0x0000003c   Code   RO         4106    i.data_interface_hal_usb2  data_interface_hal.o
    0x080028e8   0x00000054   Code   RO         4160    i.data_interface_hal_write  data_interface_hal.o
    0x0800293c   0x0000005c   Code   RO         3609    i.fputc             hw_config.o
    0x08002998   0x00000040   Code   RO         4444    i.gain_set          gain.o
    0x080029d8   0x0000000c   Code   RO         4166    i.hal_read_TickCounter  data_interface_hal.o
    0x080029e4   0x00000010   Code   RO         4172    i.hal_read_gpio_spi1_miso  data_interface_hal.o
    0x080029f4   0x00000038   Code   RO         4414    i.if_api_calculate_checksum  interface_api.o
    0x08002a2c   0x000000b4   Code   RO         4415    i.if_api_data_CMD_SET_parse  interface_api.o
    0x08002ae0   0x00000036   Code   RO         4416    i.if_api_data_set_pack  interface_api.o
    0x08002b16   0x0000005a   Code   RO         4417    i.if_api_verify_pack  interface_api.o
    0x08002b70   0x00000024   Code   RO         4027    i.led_off           leds.o
    0x08002b94   0x00000024   Code   RO         4028    i.led_on            leds.o
    0x08002bb8   0x00000008   Code   RO         4030    i.leds_init         leds.o
    0x08002bc0   0x000000c4   Code   RO         4367    i.main              main.o
    0x08002c84   0x0000016c   Code   RO         4072    i.stm32_spi_init    stm32_spi.o
    0x08002df0   0x000000b4   Code   RO         4073    i.stm32_spi_wr      stm32_spi.o
    0x08002ea4   0x00000068   Code   RO         3995    i.systick_init      systick.o
    0x08002f0c   0x0000017c   Code   RO         4368    i.usb_callback      main.o
    0x08003088   0x00000058   Code   RO         4107    i.usb_port_set      data_interface_hal.o
    0x080030e0   0x000000b1   Data   RO         3711    .constdata          usb_desc.o
    0x08003191   0x00000003   PAD
    0x08003194   0x00000018   Data   RO         4031    .constdata          leds.o
    0x080031ac   0x00000038   Data   RO         4074    .constdata          stm32_spi.o
    0x080031e4   0x00000005   Data   RO         4370    .constdata          main.o
    0x080031e9   0x00000005   Data   RO         4445    .constdata          gain.o
    0x080031ee   0x00000002   PAD
    0x080031f0   0x00000020   Data   RO         4781    Region$$Table       anon$$obj.o


    Execution Region RW_IRAM1 (Base: 0x20000000, Size: 0x00001628, Max: 0x00005000, ABSOLUTE, COMPRESSED[0x000000ac])

    Base Addr    Size         Type   Attr      Idx    E Section Name        Object

    0x20000000   0x00000014   Data   RW           28    .data               system_stm32f10x.o
    0x20000014   0x00000014   Data   RW         1633    .data               stm32f10x_rcc.o
    0x20000028   0x00000003   Data   RW         3034    .data               usb_core.o
    0x2000002b   0x00000001   PAD
    0x2000002c   0x00000014   Data   RW         3169    .data               usb_init.o
    0x20000040   0x00000004   Data   RW         3192    .data               usb_int.o
    0x20000044   0x0000001a   Data   RW         3712    .data               usb_desc.o
    0x2000005e   0x00000002   PAD
    0x20000060   0x00000005   Data   RW         3730    .data               usb_endp.o
    0x20000065   0x00000003   PAD
    0x20000068   0x0000003c   Data   RW         3768    .data               usb_istr.o
    0x200000a4   0x00000094   Data   RW         3799    .data               usb_prop.o
    0x20000138   0x00000007   Data   RW         3891    .data               usb_pwr.o
    0x2000013f   0x00000001   PAD
    0x20000140   0x00000008   Data   RW         3996    .data               systick.o
    0x20000148   0x00000018   Data   RW         4075    .data               stm32_spi.o
    0x20000160   0x00000008   Data   RW         4108    .data               data_interface_hal.o
    0x20000168   0x0000000a   Data   RW         4371    .data               main.o
    0x20000172   0x00000002   PAD
    0x20000174   0x00000004   Data   RW         4755    .data               mc_w.l(stdout.o)
    0x20000178   0x0000001c   Zero   RW         3168    .bss                usb_init.o
    0x20000194   0x00000050   Zero   RW         3610    .bss                hw_config.o
    0x200001e4   0x00000040   Zero   RW         3729    .bss                usb_endp.o
    0x20000224   0x00000400   Zero   RW         4369    .bss                main.o
    0x20000624   0x00000004   PAD
    0x20000628   0x00001000   Zero   RW            1    STACK               startup_stm32f10x_md.o


==============================================================================

Image component sizes


      Code (inc. data)   RO Data    RW Data    ZI Data      Debug   Object Name

       570         28          0          0          0       6171   ad7190.o
       102          0          0          0          0       1465   channel.o
       102          0          0          0          0       1471   communication.o
         0          0          0          0          0       4504   core_cm3.o
       560         88          0          8          0       8808   data_interface_hal.o
        64          6          5          0          0       1176   gain.o
       646         66          0          0         80       7871   hw_config.o
       380          0          0          0          0       3656   interface_api.o
       188         14         24          0          0       2914   leds.o
       740        132          5         10       1024       5167   main.o
       132         22          0          0          0       1683   misc.o
        36          8        236          0       4096        864   startup_stm32f10x_md.o
       544         24         56         24          0       2780   stm32_spi.o
       304          0          0          0          0       3876   stm32f10x_gpio.o
        56          4          0          0          0       4561   stm32f10x_it.o
       288         38          0         20          0       5209   stm32f10x_rcc.o
       136          0          0          0          0       4692   stm32f10x_spi.o
       408          6          0          0          0       5238   stm32f10x_usart.o
       328         28          0         20          0     236057   system_stm32f10x.o
       128         16          0          8          0      16468   systick.o
        34          0          0          0          0        567   time.o
      3010        288          0          3          0      18315   usb_core.o
         0          0        177         26          0       1139   usb_desc.o
        70         12          0          5         64       3197   usb_endp.o
        60         24          0         20         28       4234   usb_init.o
       808         34          0          4          0       1725   usb_int.o
       120         20          0         60          0       1356   usb_istr.o
        96         10          0          0          0       1880   usb_mem.o
       664        112          0        148          0      12113   usb_prop.o
        64         10          0          7          0       1937   usb_pwr.o
       696        112          0          0          0      10871   usb_regs.o

    ----------------------------------------------------------------------
     11352       1102        540        372       5296     381965   Object Totals
         0          0         32          0          0          0   (incl. Generated)
        18          0          5          9          4          0   (incl. Padding)

    ----------------------------------------------------------------------

      Code (inc. data)   RO Data    RW Data    ZI Data      Debug   Library Member Name

        86          0          0          0          0          0   __dczerorl2.o
         0          0          0          0          0          0   entry.o
         0          0          0          0          0          0   entry10a.o
         0          0          0          0          0          0   entry11a.o
         8          4          0          0          0          0   entry2.o
         4          0          0          0          0          0   entry5.o
         0          0          0          0          0          0   entry7b.o
         0          0          0          0          0          0   entry8b.o
         8          4          0          0          0          0   entry9a.o
        30          0          0          0          0          0   handlers.o
        36          8          0          0          0         68   init.o
        30          0          0          0          0         68   llshl.o
        32          0          0          0          0         68   llushr.o
       588         14          0          0          0        184   printf4.o
         0          0          0          4          0          0   stdout.o
        98          0          0          0          0         92   uldiv.o

    ----------------------------------------------------------------------
       924         30          0          4          0        480   Library Totals
         4          0          0          0          0          0   (incl. Padding)

    ----------------------------------------------------------------------

      Code (inc. data)   RO Data    RW Data    ZI Data      Debug   Library Name

       920         30          0          4          0        480   mc_w.l

    ----------------------------------------------------------------------
       924         30          0          4          0        480   Library Totals

    ----------------------------------------------------------------------

==============================================================================


      Code (inc. data)   RO Data    RW Data    ZI Data      Debug   

     12276       1132        540        376       5296     374929   Grand Totals
     12276       1132        540        172       5296     374929   ELF Image Totals (compressed)
     12276       1132        540        172          0          0   ROM Totals

==============================================================================

    Total RO  Size (Code + RO Data)                12816 (  12.52kB)
    Total RW  Size (RW Data + ZI Data)              5672 (   5.54kB)
    Total ROM Size (Code + RO Data + RW Data)      12988 (  12.68kB)

==============================================================================

